
Merging object attributes


Merging program properties

Updated property 0xc0010001 (0x9) to merge kernel/entry.o (0x1) and drivers/serial.o (0x9)
Updated property 0xc0010002 (0x1) to merge kernel/entry.o (0x0) and drivers/serial.o (0x1)
Updated property 0xc0010001 (0x9) to merge kernel/entry.o (0x9) and drivers/timer.o (0x1)
Updated property 0xc0010002 (0x1) to merge kernel/entry.o (0x1) and drivers/timer.o (0x0)
Updated property 0xc0010001 (0x9) to merge kernel/entry.o (0x9) and fs/filesystem_enhanced.o (0x1)
Updated property 0xc0010002 (0x1) to merge kernel/entry.o (0x1) and fs/filesystem_enhanced.o (0x0)
Updated property 0xc0010001 (0x9) to merge kernel/entry.o (0x9) and fs/ramfs.o (0x1)
Updated property 0xc0010002 (0x1) to merge kernel/entry.o (0x1) and fs/ramfs.o (0x0)
Updated property 0xc0010001 (0x9) to merge kernel/entry.o (0x9) and fs/vfs_simple.o (0x1)
Updated property 0xc0010002 (0x1) to merge kernel/entry.o (0x1) and fs/vfs_simple.o (0x0)
Updated property 0xc0010001 (0x9) to merge kernel/entry.o (0x9) and kernel/context.o (0x1)
Updated property 0xc0010002 (0x1) to merge kernel/entry.o (0x1) and kernel/context.o (0x0)
Updated property 0xc0010001 (0x9) to merge kernel/entry.o (0x9) and kernel/context_switch.o (0x1)
Updated property 0xc0010002 (0x1) to merge kernel/entry.o (0x1) and kernel/context_switch.o (0x0)
Updated property 0xc0010001 (0x9) to merge kernel/entry.o (0x9) and kernel/device.o (0x1)
Updated property 0xc0010002 (0x1) to merge kernel/entry.o (0x1) and kernel/device.o (0x0)
Updated property 0xc0010001 (0x9) to merge kernel/entry.o (0x9) and kernel/idt.o (0x1)
Updated property 0xc0010002 (0x1) to merge kernel/entry.o (0x1) and kernel/idt.o (0x0)
Updated property 0xc0010001 (0x9) to merge kernel/entry.o (0x9) and kernel/interrupts.o (0x1)
Updated property 0xc0010002 (0x1) to merge kernel/entry.o (0x1) and kernel/interrupts.o (0x0)
Updated property 0xc0010001 (0x9) to merge kernel/entry.o (0x9) and kernel/log.o (0x1)
Updated property 0xc0010002 (0x1) to merge kernel/entry.o (0x1) and kernel/log.o (0x0)
Updated property 0xc0010001 (0x9) to merge kernel/entry.o (0x9) and kernel/memory.o (0x1)
Updated property 0xc0010002 (0x1) to merge kernel/entry.o (0x1) and kernel/memory.o (0x0)
Updated property 0xc0010001 (0x9) to merge kernel/entry.o (0x9) and kernel/memory_test.o (0x1)
Updated property 0xc0010002 (0x1) to merge kernel/entry.o (0x1) and kernel/memory_test.o (0x0)
Updated property 0xc0010001 (0x9) to merge kernel/entry.o (0x9) and kernel/net_core.o (0x1)
Updated property 0xc0010002 (0x1) to merge kernel/entry.o (0x1) and kernel/net_core.o (0x0)
Updated property 0xc0010001 (0x9) to merge kernel/entry.o (0x9) and kernel/network.o (0x1)
Updated property 0xc0010002 (0x1) to merge kernel/entry.o (0x1) and kernel/network.o (0x0)
Updated property 0xc0010001 (0x9) to merge kernel/entry.o (0x9) and kernel/pci.o (0x1)
Updated property 0xc0010002 (0x1) to merge kernel/entry.o (0x1) and kernel/pci.o (0x0)
Updated property 0xc0010001 (0x9) to merge kernel/entry.o (0x9) and kernel/process.o (0x1)
Updated property 0xc0010002 (0x1) to merge kernel/entry.o (0x1) and kernel/process.o (0x0)
Updated property 0xc0010001 (0x9) to merge kernel/entry.o (0x9) and kernel/program_loader.o (0x1)
Updated property 0xc0010002 (0x1) to merge kernel/entry.o (0x1) and kernel/program_loader.o (0x0)
Updated property 0xc0010001 (0x9) to merge kernel/entry.o (0x9) and kernel/security.o (0x1)
Updated property 0xc0010002 (0x1) to merge kernel/entry.o (0x1) and kernel/security.o (0x0)
Updated property 0xc0010001 (0x9) to merge kernel/entry.o (0x9) and kernel/shell.o (0x1)
Updated property 0xc0010002 (0x1) to merge kernel/entry.o (0x1) and kernel/shell.o (0x0)
Updated property 0xc0010001 (0x9) to merge kernel/entry.o (0x9) and kernel/string.o (0x1)
Updated property 0xc0010002 (0x1) to merge kernel/entry.o (0x1) and kernel/string.o (0x0)
Updated property 0xc0010001 (0x9) to merge kernel/entry.o (0x9) and kernel/syscall.o (0x1)
Updated property 0xc0010001 (0x9) to merge kernel/entry.o (0x9) and kernel/test_process.o (0x1)
Updated property 0xc0010002 (0x1) to merge kernel/entry.o (0x1) and kernel/test_process.o (0x0)
Updated property 0xc0010001 (0x9) to merge kernel/entry.o (0x9) and kernel/usermode.o (0x1)
Updated property 0xc0010002 (0x1) to merge kernel/entry.o (0x1) and kernel/usermode.o (0x0)

Discarded input sections

 .data          0x00000000        0x0 kernel/entry.o
 .rodata        0x00000000       0x39 kernel/entry.o
 .note.gnu.property
                0x00000000       0x28 kernel/entry.o
 .group         0x00000000        0x8 kernel/kmain.o
 .group         0x00000000        0xc kernel/kmain.o
 .group         0x00000000        0xc kernel/kmain.o
 .group         0x00000000        0xc kernel/kmain.o
 .group         0x00000000        0xc kernel/kmain.o
 .group         0x00000000        0xc kernel/kmain.o
 .group         0x00000000        0xc kernel/kmain.o
 .group         0x00000000        0xc kernel/kmain.o
 .group         0x00000000        0xc kernel/kmain.o
 .group         0x00000000        0xc kernel/kmain.o
 .group         0x00000000        0xc kernel/kmain.o
 .group         0x00000000        0xc kernel/kmain.o
 .group         0x00000000        0xc kernel/kmain.o
 .group         0x00000000        0xc kernel/kmain.o
 .group         0x00000000        0xc kernel/kmain.o
 .group         0x00000000        0xc kernel/kmain.o
 .group         0x00000000        0xc kernel/kmain.o
 .group         0x00000000        0xc kernel/kmain.o
 .data          0x00000000        0x0 kernel/kmain.o
 .bss           0x00000000        0x0 kernel/kmain.o
 .comment       0x00000000       0x1c kernel/kmain.o
 .note.gnu.property
                0x00000000       0x28 kernel/kmain.o
 .eh_frame      0x00000000       0x48 kernel/kmain.o
 .group         0x00000000        0x8 drivers/vga.o
 .group         0x00000000        0x8 drivers/vga.o
 .group         0x00000000        0x8 drivers/vga.o
 .group         0x00000000        0xc drivers/vga.o
 .group         0x00000000        0xc drivers/vga.o
 .group         0x00000000        0xc drivers/vga.o
 .group         0x00000000        0xc drivers/vga.o
 .group         0x00000000        0xc drivers/vga.o
 .text.__x86.get_pc_thunk.bx
                0x00000000        0x4 drivers/vga.o
 .debug_macro   0x00000000      0x97c drivers/vga.o
 .debug_macro   0x00000000       0x28 drivers/vga.o
 .debug_macro   0x00000000       0x10 drivers/vga.o
 .debug_macro   0x00000000       0x16 drivers/vga.o
 .debug_macro   0x00000000       0x10 drivers/vga.o
 .comment       0x00000000       0x1c drivers/vga.o
 .note.gnu.property
                0x00000000       0x28 drivers/vga.o
 .eh_frame      0x00000000      0x1ec drivers/vga.o
 .group         0x00000000        0x8 drivers/keyboard.o
 .group         0x00000000        0x8 drivers/keyboard.o
 .group         0x00000000        0xc drivers/keyboard.o
 .group         0x00000000        0xc drivers/keyboard.o
 .group         0x00000000        0xc drivers/keyboard.o
 .group         0x00000000        0xc drivers/keyboard.o
 .group         0x00000000        0xc drivers/keyboard.o
 .group         0x00000000        0xc drivers/keyboard.o
 .group         0x00000000        0xc drivers/keyboard.o
 .group         0x00000000        0xc drivers/keyboard.o
 .data          0x00000000        0x0 drivers/keyboard.o
 .text.__x86.get_pc_thunk.ax
                0x00000000        0x4 drivers/keyboard.o
 .text.__x86.get_pc_thunk.bx
                0x00000000        0x4 drivers/keyboard.o
 .debug_macro   0x00000000      0x97c drivers/keyboard.o
 .debug_macro   0x00000000       0x28 drivers/keyboard.o
 .debug_macro   0x00000000       0x10 drivers/keyboard.o
 .debug_macro   0x00000000       0x22 drivers/keyboard.o
 .debug_macro   0x00000000       0x16 drivers/keyboard.o
 .debug_macro   0x00000000       0x10 drivers/keyboard.o
 .debug_macro   0x00000000       0x16 drivers/keyboard.o
 .comment       0x00000000       0x1c drivers/keyboard.o
 .note.gnu.property
                0x00000000       0x28 drivers/keyboard.o
 .eh_frame      0x00000000      0x188 drivers/keyboard.o
 .group         0x00000000        0x8 drivers/keyboard_intl.o
 .group         0x00000000        0x8 drivers/keyboard_intl.o
 .group         0x00000000        0x8 drivers/keyboard_intl.o
 .group         0x00000000        0xc drivers/keyboard_intl.o
 .group         0x00000000        0xc drivers/keyboard_intl.o
 .group         0x00000000        0xc drivers/keyboard_intl.o
 .group         0x00000000        0xc drivers/keyboard_intl.o
 .group         0x00000000        0xc drivers/keyboard_intl.o
 .group         0x00000000        0xc drivers/keyboard_intl.o
 .group         0x00000000        0xc drivers/keyboard_intl.o
 .group         0x00000000        0xc drivers/keyboard_intl.o
 .text          0x00000000      0x630 drivers/keyboard_intl.o
 .data          0x00000000        0x0 drivers/keyboard_intl.o
 .bss           0x00000000        0xb drivers/keyboard_intl.o
 .rodata        0x00000000      0x421 drivers/keyboard_intl.o
 .data.rel.ro.local
                0x00000000       0x30 drivers/keyboard_intl.o
 .text.__x86.get_pc_thunk.ax
                0x00000000        0x4 drivers/keyboard_intl.o
 .text.__x86.get_pc_thunk.dx
                0x00000000        0x4 drivers/keyboard_intl.o
 .text.__x86.get_pc_thunk.bx
                0x00000000        0x4 drivers/keyboard_intl.o
 .debug_info    0x00000000      0x5df drivers/keyboard_intl.o
 .debug_abbrev  0x00000000      0x266 drivers/keyboard_intl.o
 .debug_aranges
                0x00000000       0x20 drivers/keyboard_intl.o
 .debug_macro   0x00000000       0x92 drivers/keyboard_intl.o
 .debug_macro   0x00000000      0x97c drivers/keyboard_intl.o
 .debug_macro   0x00000000       0x28 drivers/keyboard_intl.o
 .debug_macro   0x00000000       0x10 drivers/keyboard_intl.o
 .debug_macro   0x00000000       0x16 drivers/keyboard_intl.o
 .debug_macro   0x00000000       0x16 drivers/keyboard_intl.o
 .debug_macro   0x00000000       0x16 drivers/keyboard_intl.o
 .debug_macro   0x00000000       0x22 drivers/keyboard_intl.o
 .debug_macro   0x00000000       0x16 drivers/keyboard_intl.o
 .debug_line    0x00000000      0x2e0 drivers/keyboard_intl.o
 .debug_str     0x00000000     0x3796 drivers/keyboard_intl.o
 .debug_line_str
                0x00000000      0x155 drivers/keyboard_intl.o
 .comment       0x00000000       0x1c drivers/keyboard_intl.o
 .note.GNU-stack
                0x00000000        0x0 drivers/keyboard_intl.o
 .note.gnu.property
                0x00000000       0x28 drivers/keyboard_intl.o
 .eh_frame      0x00000000      0x228 drivers/keyboard_intl.o
 .group         0x00000000        0x8 drivers/net_ne2k.o
 .group         0x00000000        0x8 drivers/net_ne2k.o
 .group         0x00000000        0xc drivers/net_ne2k.o
 .group         0x00000000        0xc drivers/net_ne2k.o
 .group         0x00000000        0xc drivers/net_ne2k.o
 .group         0x00000000        0xc drivers/net_ne2k.o
 .group         0x00000000        0xc drivers/net_ne2k.o
 .group         0x00000000        0xc drivers/net_ne2k.o
 .group         0x00000000        0xc drivers/net_ne2k.o
 .group         0x00000000        0xc drivers/net_ne2k.o
 .group         0x00000000        0xc drivers/net_ne2k.o
 .text          0x00000000      0x1f5 drivers/net_ne2k.o
 .data          0x00000000        0x0 drivers/net_ne2k.o
 .bss           0x00000000       0x28 drivers/net_ne2k.o
 .rodata        0x00000000       0xff drivers/net_ne2k.o
 .text.__x86.get_pc_thunk.ax
                0x00000000        0x4 drivers/net_ne2k.o
 .text.__x86.get_pc_thunk.bx
                0x00000000        0x4 drivers/net_ne2k.o
 .debug_info    0x00000000      0x41d drivers/net_ne2k.o
 .debug_abbrev  0x00000000      0x1b7 drivers/net_ne2k.o
 .debug_aranges
                0x00000000       0x20 drivers/net_ne2k.o
 .debug_macro   0x00000000       0x79 drivers/net_ne2k.o
 .debug_macro   0x00000000      0x97c drivers/net_ne2k.o
 .debug_macro   0x00000000       0x28 drivers/net_ne2k.o
 .debug_macro   0x00000000       0x10 drivers/net_ne2k.o
 .debug_macro   0x00000000       0x10 drivers/net_ne2k.o
 .debug_macro   0x00000000       0x22 drivers/net_ne2k.o
 .debug_macro   0x00000000       0x16 drivers/net_ne2k.o
 .debug_macro   0x00000000       0x10 drivers/net_ne2k.o
 .debug_macro   0x00000000       0x16 drivers/net_ne2k.o
 .debug_macro   0x00000000       0x16 drivers/net_ne2k.o
 .debug_line    0x00000000      0x13a drivers/net_ne2k.o
 .debug_str     0x00000000     0x3582 drivers/net_ne2k.o
 .debug_line_str
                0x00000000      0x12b drivers/net_ne2k.o
 .comment       0x00000000       0x1c drivers/net_ne2k.o
 .note.GNU-stack
                0x00000000        0x0 drivers/net_ne2k.o
 .note.gnu.property
                0x00000000       0x28 drivers/net_ne2k.o
 .eh_frame      0x00000000       0xd0 drivers/net_ne2k.o
 .group         0x00000000        0x8 drivers/serial.o
 .group         0x00000000        0x8 drivers/serial.o
 .group         0x00000000        0xc drivers/serial.o
 .group         0x00000000        0xc drivers/serial.o
 .group         0x00000000        0xc drivers/serial.o
 .group         0x00000000        0xc drivers/serial.o
 .group         0x00000000        0xc drivers/serial.o
 .group         0x00000000        0xc drivers/serial.o
 .group         0x00000000        0xc drivers/serial.o
 .group         0x00000000        0xc drivers/serial.o
 .data          0x00000000        0x0 drivers/serial.o
 .bss           0x00000000        0x0 drivers/serial.o
 .text.__x86.get_pc_thunk.ax
                0x00000000        0x4 drivers/serial.o
 .text.__x86.get_pc_thunk.bx
                0x00000000        0x4 drivers/serial.o
 .debug_macro   0x00000000      0x97c drivers/serial.o
 .debug_macro   0x00000000       0x28 drivers/serial.o
 .debug_macro   0x00000000       0x10 drivers/serial.o
 .debug_macro   0x00000000       0x22 drivers/serial.o
 .debug_macro   0x00000000       0x16 drivers/serial.o
 .debug_macro   0x00000000       0x10 drivers/serial.o
 .debug_macro   0x00000000       0x16 drivers/serial.o
 .comment       0x00000000       0x1c drivers/serial.o
 .note.gnu.property
                0x00000000       0x28 drivers/serial.o
 .eh_frame      0x00000000      0x204 drivers/serial.o
 .group         0x00000000        0x8 drivers/timer.o
 .group         0x00000000        0x8 drivers/timer.o
 .group         0x00000000        0xc drivers/timer.o
 .group         0x00000000        0xc drivers/timer.o
 .group         0x00000000        0xc drivers/timer.o
 .group         0x00000000        0xc drivers/timer.o
 .text          0x00000000      0x173 drivers/timer.o
 .data          0x00000000        0x0 drivers/timer.o
 .bss           0x00000000        0x4 drivers/timer.o
 .text.__x86.get_pc_thunk.ax
                0x00000000        0x4 drivers/timer.o
 .text.__x86.get_pc_thunk.bx
                0x00000000        0x4 drivers/timer.o
 .debug_info    0x00000000      0x2b6 drivers/timer.o
 .debug_abbrev  0x00000000      0x18e drivers/timer.o
 .debug_aranges
                0x00000000       0x20 drivers/timer.o
 .debug_macro   0x00000000       0x6c drivers/timer.o
 .debug_macro   0x00000000      0x97c drivers/timer.o
 .debug_macro   0x00000000       0x28 drivers/timer.o
 .debug_macro   0x00000000       0x10 drivers/timer.o
 .debug_macro   0x00000000       0x16 drivers/timer.o
 .debug_line    0x00000000       0xe6 drivers/timer.o
 .debug_str     0x00000000     0x318b drivers/timer.o
 .debug_line_str
                0x00000000       0xf2 drivers/timer.o
 .comment       0x00000000       0x1c drivers/timer.o
 .note.GNU-stack
                0x00000000        0x0 drivers/timer.o
 .note.gnu.property
                0x00000000       0x28 drivers/timer.o
 .eh_frame      0x00000000       0xe8 drivers/timer.o
 .group         0x00000000        0x8 fs/filesystem_enhanced.o
 .group         0x00000000        0x8 fs/filesystem_enhanced.o
 .group         0x00000000        0xc fs/filesystem_enhanced.o
 .group         0x00000000        0xc fs/filesystem_enhanced.o
 .group         0x00000000        0xc fs/filesystem_enhanced.o
 .group         0x00000000        0xc fs/filesystem_enhanced.o
 .group         0x00000000        0xc fs/filesystem_enhanced.o
 .data          0x00000000        0x0 fs/filesystem_enhanced.o
 .text.__x86.get_pc_thunk.ax
                0x00000000        0x4 fs/filesystem_enhanced.o
 .text.__x86.get_pc_thunk.bx
                0x00000000        0x4 fs/filesystem_enhanced.o
 .debug_macro   0x00000000      0x97c fs/filesystem_enhanced.o
 .debug_macro   0x00000000       0x28 fs/filesystem_enhanced.o
 .debug_macro   0x00000000       0x10 fs/filesystem_enhanced.o
 .debug_macro   0x00000000       0x16 fs/filesystem_enhanced.o
 .comment       0x00000000       0x1c fs/filesystem_enhanced.o
 .note.gnu.property
                0x00000000       0x28 fs/filesystem_enhanced.o
 .eh_frame      0x00000000      0x214 fs/filesystem_enhanced.o
 .group         0x00000000        0x8 fs/ramfs.o
 .group         0x00000000        0x8 fs/ramfs.o
 .group         0x00000000        0xc fs/ramfs.o
 .group         0x00000000        0xc fs/ramfs.o
 .group         0x00000000        0xc fs/ramfs.o
 .group         0x00000000        0xc fs/ramfs.o
 .group         0x00000000        0xc fs/ramfs.o
 .group         0x00000000        0xc fs/ramfs.o
 .group         0x00000000        0xc fs/ramfs.o
 .group         0x00000000        0xc fs/ramfs.o
 .group         0x00000000        0xc fs/ramfs.o
 .text          0x00000000      0x8d3 fs/ramfs.o
 .data          0x00000000        0x0 fs/ramfs.o
 .bss           0x00000000        0x4 fs/ramfs.o
 .rodata        0x00000000      0x1ea fs/ramfs.o
 .text.__x86.get_pc_thunk.ax
                0x00000000        0x4 fs/ramfs.o
 .text.__x86.get_pc_thunk.bx
                0x00000000        0x4 fs/ramfs.o
 .debug_info    0x00000000      0x6c6 fs/ramfs.o
 .debug_abbrev  0x00000000      0x1dd fs/ramfs.o
 .debug_aranges
                0x00000000       0x20 fs/ramfs.o
 .debug_macro   0x00000000       0x85 fs/ramfs.o
 .debug_macro   0x00000000      0x97c fs/ramfs.o
 .debug_macro   0x00000000       0x28 fs/ramfs.o
 .debug_macro   0x00000000       0x10 fs/ramfs.o
 .debug_macro   0x00000000       0x70 fs/ramfs.o
 .debug_macro   0x00000000       0x64 fs/ramfs.o
 .debug_macro   0x00000000       0x16 fs/ramfs.o
 .debug_macro   0x00000000       0x16 fs/ramfs.o
 .debug_macro   0x00000000       0x22 fs/ramfs.o
 .debug_macro   0x00000000       0x16 fs/ramfs.o
 .debug_line    0x00000000      0x404 fs/ramfs.o
 .debug_str     0x00000000     0x37f0 fs/ramfs.o
 .debug_line_str
                0x00000000      0x120 fs/ramfs.o
 .comment       0x00000000       0x1c fs/ramfs.o
 .note.GNU-stack
                0x00000000        0x0 fs/ramfs.o
 .note.gnu.property
                0x00000000       0x28 fs/ramfs.o
 .eh_frame      0x00000000      0x1ac fs/ramfs.o
 .group         0x00000000        0x8 fs/vfs_simple.o
 .group         0x00000000        0x8 fs/vfs_simple.o
 .group         0x00000000        0xc fs/vfs_simple.o
 .group         0x00000000        0xc fs/vfs_simple.o
 .group         0x00000000        0xc fs/vfs_simple.o
 .group         0x00000000        0xc fs/vfs_simple.o
 .group         0x00000000        0xc fs/vfs_simple.o
 .group         0x00000000        0xc fs/vfs_simple.o
 .group         0x00000000        0xc fs/vfs_simple.o
 .group         0x00000000        0xc fs/vfs_simple.o
 .group         0x00000000        0xc fs/vfs_simple.o
 .text          0x00000000      0x4fe fs/vfs_simple.o
 .data          0x00000000        0x0 fs/vfs_simple.o
 .bss           0x00000000      0x140 fs/vfs_simple.o
 .rodata        0x00000000       0xda fs/vfs_simple.o
 .text.__x86.get_pc_thunk.ax
                0x00000000        0x4 fs/vfs_simple.o
 .text.__x86.get_pc_thunk.bx
                0x00000000        0x4 fs/vfs_simple.o
 .debug_info    0x00000000      0x5ac fs/vfs_simple.o
 .debug_abbrev  0x00000000      0x197 fs/vfs_simple.o
 .debug_aranges
                0x00000000       0x20 fs/vfs_simple.o
 .debug_macro   0x00000000       0x7f fs/vfs_simple.o
 .debug_macro   0x00000000      0x97c fs/vfs_simple.o
 .debug_macro   0x00000000       0x28 fs/vfs_simple.o
 .debug_macro   0x00000000       0x10 fs/vfs_simple.o
 .debug_macro   0x00000000       0x70 fs/vfs_simple.o
 .debug_macro   0x00000000       0x64 fs/vfs_simple.o
 .debug_macro   0x00000000       0x16 fs/vfs_simple.o
 .debug_macro   0x00000000       0x16 fs/vfs_simple.o
 .debug_macro   0x00000000       0x22 fs/vfs_simple.o
 .debug_macro   0x00000000       0x16 fs/vfs_simple.o
 .debug_line    0x00000000      0x238 fs/vfs_simple.o
 .debug_str     0x00000000     0x37bc fs/vfs_simple.o
 .debug_line_str
                0x00000000      0x12f fs/vfs_simple.o
 .comment       0x00000000       0x1c fs/vfs_simple.o
 .note.GNU-stack
                0x00000000        0x0 fs/vfs_simple.o
 .note.gnu.property
                0x00000000       0x28 fs/vfs_simple.o
 .eh_frame      0x00000000      0x160 fs/vfs_simple.o
 .group         0x00000000        0x8 kernel/context.o
 .group         0x00000000        0x8 kernel/context.o
 .group         0x00000000        0xc kernel/context.o
 .group         0x00000000        0xc kernel/context.o
 .group         0x00000000        0xc kernel/context.o
 .group         0x00000000        0xc kernel/context.o
 .group         0x00000000        0xc kernel/context.o
 .text          0x00000000       0xae kernel/context.o
 .data          0x00000000        0x0 kernel/context.o
 .bss           0x00000000        0x4 kernel/context.o
 .text.__x86.get_pc_thunk.ax
                0x00000000        0x4 kernel/context.o
 .text.__x86.get_pc_thunk.bx
                0x00000000        0x4 kernel/context.o
 .debug_info    0x00000000      0x2b3 kernel/context.o
 .debug_abbrev  0x00000000      0x150 kernel/context.o
 .debug_aranges
                0x00000000       0x20 kernel/context.o
 .debug_macro   0x00000000       0x53 kernel/context.o
 .debug_macro   0x00000000      0x97c kernel/context.o
 .debug_macro   0x00000000       0x28 kernel/context.o
 .debug_macro   0x00000000       0x10 kernel/context.o
 .debug_macro   0x00000000       0x1c kernel/context.o
 .debug_macro   0x00000000       0x16 kernel/context.o
 .debug_line    0x00000000       0xb1 kernel/context.o
 .debug_str     0x00000000     0x31e4 kernel/context.o
 .debug_line_str
                0x00000000       0xe8 kernel/context.o
 .comment       0x00000000       0x1c kernel/context.o
 .note.GNU-stack
                0x00000000        0x0 kernel/context.o
 .note.gnu.property
                0x00000000       0x28 kernel/context.o
 .eh_frame      0x00000000       0x88 kernel/context.o
 .data          0x00000000        0x0 kernel/context_switch.o
 .bss           0x00000000        0x0 kernel/context_switch.o
 .note.gnu.property
                0x00000000       0x28 kernel/context_switch.o
 .group         0x00000000        0x8 kernel/device.o
 .group         0x00000000        0x8 kernel/device.o
 .group         0x00000000        0xc kernel/device.o
 .group         0x00000000        0xc kernel/device.o
 .group         0x00000000        0xc kernel/device.o
 .group         0x00000000        0xc kernel/device.o
 .group         0x00000000        0xc kernel/device.o
 .group         0x00000000        0xc kernel/device.o
 .group         0x00000000        0xc kernel/device.o
 .data          0x00000000        0x0 kernel/device.o
 .text.__x86.get_pc_thunk.ax
                0x00000000        0x4 kernel/device.o
 .text.__x86.get_pc_thunk.bx
                0x00000000        0x4 kernel/device.o
 .debug_macro   0x00000000      0x97c kernel/device.o
 .debug_macro   0x00000000       0x28 kernel/device.o
 .debug_macro   0x00000000       0x10 kernel/device.o
 .debug_macro   0x00000000       0x64 kernel/device.o
 .debug_macro   0x00000000       0xe8 kernel/device.o
 .debug_macro   0x00000000       0x16 kernel/device.o
 .comment       0x00000000       0x1c kernel/device.o
 .note.gnu.property
                0x00000000       0x28 kernel/device.o
 .eh_frame      0x00000000      0x18c kernel/device.o
 .group         0x00000000        0x8 kernel/device_test.o
 .group         0x00000000        0xc kernel/device_test.o
 .group         0x00000000        0xc kernel/device_test.o
 .group         0x00000000        0xc kernel/device_test.o
 .group         0x00000000        0xc kernel/device_test.o
 .group         0x00000000        0xc kernel/device_test.o
 .group         0x00000000        0xc kernel/device_test.o
 .text          0x00000000      0x405 kernel/device_test.o
 .data          0x00000000        0x0 kernel/device_test.o
 .bss           0x00000000        0x0 kernel/device_test.o
 .rodata        0x00000000      0x160 kernel/device_test.o
 .text.__x86.get_pc_thunk.bx
                0x00000000        0x4 kernel/device_test.o
 .debug_info    0x00000000      0x2f4 kernel/device_test.o
 .debug_abbrev  0x00000000       0xe3 kernel/device_test.o
 .debug_aranges
                0x00000000       0x20 kernel/device_test.o
 .debug_macro   0x00000000       0x58 kernel/device_test.o
 .debug_macro   0x00000000      0x97c kernel/device_test.o
 .debug_macro   0x00000000       0x28 kernel/device_test.o
 .debug_macro   0x00000000       0x10 kernel/device_test.o
 .debug_macro   0x00000000       0x22 kernel/device_test.o
 .debug_macro   0x00000000       0xe8 kernel/device_test.o
 .debug_macro   0x00000000       0x16 kernel/device_test.o
 .debug_line    0x00000000      0x158 kernel/device_test.o
 .debug_str     0x00000000     0x3399 kernel/device_test.o
 .debug_line_str
                0x00000000       0xf3 kernel/device_test.o
 .comment       0x00000000       0x1c kernel/device_test.o
 .note.GNU-stack
                0x00000000        0x0 kernel/device_test.o
 .note.gnu.property
                0x00000000       0x28 kernel/device_test.o
 .eh_frame      0x00000000       0x48 kernel/device_test.o
 .group         0x00000000        0x8 kernel/idt.o
 .group         0x00000000        0x8 kernel/idt.o
 .group         0x00000000        0xc kernel/idt.o
 .group         0x00000000        0xc kernel/idt.o
 .group         0x00000000        0xc kernel/idt.o
 .group         0x00000000        0xc kernel/idt.o
 .group         0x00000000        0xc kernel/idt.o
 .data          0x00000000        0x0 kernel/idt.o
 .text.__x86.get_pc_thunk.ax
                0x00000000        0x4 kernel/idt.o
 .text.__x86.get_pc_thunk.bx
                0x00000000        0x4 kernel/idt.o
 .debug_macro   0x00000000      0x97c kernel/idt.o
 .debug_macro   0x00000000       0x28 kernel/idt.o
 .debug_macro   0x00000000       0x16 kernel/idt.o
 .debug_macro   0x00000000       0x10 kernel/idt.o
 .debug_macro   0x00000000       0x16 kernel/idt.o
 .comment       0x00000000       0x1c kernel/idt.o
 .note.gnu.property
                0x00000000       0x28 kernel/idt.o
 .eh_frame      0x00000000      0x174 kernel/idt.o
 .data          0x00000000        0x0 kernel/interrupts.o
 .bss           0x00000000        0x0 kernel/interrupts.o
 .note.gnu.property
                0x00000000       0x28 kernel/interrupts.o
 .group         0x00000000        0x8 kernel/log.o
 .group         0x00000000        0x8 kernel/log.o
 .group         0x00000000        0xc kernel/log.o
 .group         0x00000000        0xc kernel/log.o
 .group         0x00000000        0xc kernel/log.o
 .group         0x00000000        0xc kernel/log.o
 .group         0x00000000        0xc kernel/log.o
 .group         0x00000000        0xc kernel/log.o
 .group         0x00000000        0xc kernel/log.o
 .data          0x00000000        0x0 kernel/log.o
 .text.__x86.get_pc_thunk.ax
                0x00000000        0x4 kernel/log.o
 .text.__x86.get_pc_thunk.bx
                0x00000000        0x4 kernel/log.o
 .debug_macro   0x00000000      0x97c kernel/log.o
 .debug_macro   0x00000000       0x28 kernel/log.o
 .debug_macro   0x00000000       0x10 kernel/log.o
 .debug_macro   0x00000000       0x22 kernel/log.o
 .debug_macro   0x00000000       0x16 kernel/log.o
 .debug_macro   0x00000000       0x10 kernel/log.o
 .debug_macro   0x00000000       0x16 kernel/log.o
 .comment       0x00000000       0x1c kernel/log.o
 .note.gnu.property
                0x00000000       0x28 kernel/log.o
 .eh_frame      0x00000000      0x1b0 kernel/log.o
 .group         0x00000000        0x8 kernel/memory.o
 .group         0x00000000        0x8 kernel/memory.o
 .group         0x00000000        0xc kernel/memory.o
 .group         0x00000000        0xc kernel/memory.o
 .group         0x00000000        0xc kernel/memory.o
 .group         0x00000000        0xc kernel/memory.o
 .group         0x00000000        0xc kernel/memory.o
 .text.__x86.get_pc_thunk.ax
                0x00000000        0x4 kernel/memory.o
 .text.__x86.get_pc_thunk.bx
                0x00000000        0x4 kernel/memory.o
 .debug_macro   0x00000000      0x97c kernel/memory.o
 .debug_macro   0x00000000       0x28 kernel/memory.o
 .debug_macro   0x00000000       0x10 kernel/memory.o
 .debug_macro   0x00000000       0x16 kernel/memory.o
 .comment       0x00000000       0x1c kernel/memory.o
 .note.gnu.property
                0x00000000       0x28 kernel/memory.o
 .eh_frame      0x00000000      0x260 kernel/memory.o
 .group         0x00000000        0x8 kernel/memory_test.o
 .group         0x00000000        0xc kernel/memory_test.o
 .group         0x00000000        0xc kernel/memory_test.o
 .group         0x00000000        0xc kernel/memory_test.o
 .group         0x00000000        0xc kernel/memory_test.o
 .group         0x00000000        0xc kernel/memory_test.o
 .group         0x00000000        0xc kernel/memory_test.o
 .group         0x00000000        0xc kernel/memory_test.o
 .group         0x00000000        0xc kernel/memory_test.o
 .text          0x00000000      0xc2f kernel/memory_test.o
 .data          0x00000000        0x0 kernel/memory_test.o
 .bss           0x00000000        0x0 kernel/memory_test.o
 .rodata        0x00000000      0x38b kernel/memory_test.o
 .text.__x86.get_pc_thunk.bx
                0x00000000        0x4 kernel/memory_test.o
 .debug_info    0x00000000      0x424 kernel/memory_test.o
 .debug_abbrev  0x00000000      0x15e kernel/memory_test.o
 .debug_aranges
                0x00000000       0x20 kernel/memory_test.o
 .debug_macro   0x00000000       0x62 kernel/memory_test.o
 .debug_macro   0x00000000      0x976 kernel/memory_test.o
 .debug_macro   0x00000000       0x28 kernel/memory_test.o
 .debug_macro   0x00000000       0x10 kernel/memory_test.o
 .debug_macro   0x00000000       0x5e kernel/memory_test.o
 .debug_macro   0x00000000       0x16 kernel/memory_test.o
 .debug_macro   0x00000000       0x10 kernel/memory_test.o
 .debug_macro   0x00000000       0x22 kernel/memory_test.o
 .debug_macro   0x00000000       0x16 kernel/memory_test.o
 .debug_line    0x00000000      0x3df kernel/memory_test.o
 .debug_str     0x00000000     0x3659 kernel/memory_test.o
 .debug_line_str
                0x00000000      0x101 kernel/memory_test.o
 .comment       0x00000000       0x1c kernel/memory_test.o
 .note.GNU-stack
                0x00000000        0x0 kernel/memory_test.o
 .note.gnu.property
                0x00000000       0x28 kernel/memory_test.o
 .eh_frame      0x00000000       0xb4 kernel/memory_test.o
 .group         0x00000000        0x8 kernel/monitor.o
 .group         0x00000000        0x8 kernel/monitor.o
 .group         0x00000000        0x8 kernel/monitor.o
 .group         0x00000000        0xc kernel/monitor.o
 .group         0x00000000        0xc kernel/monitor.o
 .group         0x00000000        0xc kernel/monitor.o
 .group         0x00000000        0xc kernel/monitor.o
 .group         0x00000000        0xc kernel/monitor.o
 .group         0x00000000        0xc kernel/monitor.o
 .group         0x00000000        0xc kernel/monitor.o
 .data          0x00000000        0x0 kernel/monitor.o
 .text.__x86.get_pc_thunk.ax
                0x00000000        0x4 kernel/monitor.o
 .text.__x86.get_pc_thunk.bx
                0x00000000        0x4 kernel/monitor.o
 .debug_macro   0x00000000      0x97c kernel/monitor.o
 .debug_macro   0x00000000       0x28 kernel/monitor.o
 .debug_macro   0x00000000       0x10 kernel/monitor.o
 .debug_macro   0x00000000       0xe8 kernel/monitor.o
 .debug_macro   0x00000000       0x16 kernel/monitor.o
 .debug_macro   0x00000000       0x64 kernel/monitor.o
 .comment       0x00000000       0x1c kernel/monitor.o
 .note.gnu.property
                0x00000000       0x28 kernel/monitor.o
 .eh_frame      0x00000000      0x228 kernel/monitor.o
 .group         0x00000000        0x8 kernel/monitor_test.o
 .group         0x00000000        0xc kernel/monitor_test.o
 .group         0x00000000        0xc kernel/monitor_test.o
 .group         0x00000000        0xc kernel/monitor_test.o
 .group         0x00000000        0xc kernel/monitor_test.o
 .group         0x00000000        0xc kernel/monitor_test.o
 .group         0x00000000        0xc kernel/monitor_test.o
 .text          0x00000000      0x3b4 kernel/monitor_test.o
 .data          0x00000000        0x0 kernel/monitor_test.o
 .bss           0x00000000        0x0 kernel/monitor_test.o
 .rodata        0x00000000      0x1e0 kernel/monitor_test.o
 .text.__x86.get_pc_thunk.bx
                0x00000000        0x4 kernel/monitor_test.o
 .debug_info    0x00000000      0x4af kernel/monitor_test.o
 .debug_abbrev  0x00000000      0x141 kernel/monitor_test.o
 .debug_aranges
                0x00000000       0x20 kernel/monitor_test.o
 .debug_macro   0x00000000       0x58 kernel/monitor_test.o
 .debug_macro   0x00000000      0x97c kernel/monitor_test.o
 .debug_macro   0x00000000       0x28 kernel/monitor_test.o
 .debug_macro   0x00000000       0x10 kernel/monitor_test.o
 .debug_macro   0x00000000       0x4c kernel/monitor_test.o
 .debug_macro   0x00000000       0xe8 kernel/monitor_test.o
 .debug_macro   0x00000000       0x16 kernel/monitor_test.o
 .debug_line    0x00000000      0x147 kernel/monitor_test.o
 .debug_str     0x00000000     0x366c kernel/monitor_test.o
 .debug_line_str
                0x00000000       0xf7 kernel/monitor_test.o
 .comment       0x00000000       0x1c kernel/monitor_test.o
 .note.GNU-stack
                0x00000000        0x0 kernel/monitor_test.o
 .note.gnu.property
                0x00000000       0x28 kernel/monitor_test.o
 .eh_frame      0x00000000       0x48 kernel/monitor_test.o
 .group         0x00000000        0x8 kernel/net_core.o
 .group         0x00000000        0x8 kernel/net_core.o
 .group         0x00000000        0xc kernel/net_core.o
 .group         0x00000000        0xc kernel/net_core.o
 .group         0x00000000        0xc kernel/net_core.o
 .group         0x00000000        0xc kernel/net_core.o
 .group         0x00000000        0xc kernel/net_core.o
 .group         0x00000000        0xc kernel/net_core.o
 .group         0x00000000        0xc kernel/net_core.o
 .text          0x00000000      0x221 kernel/net_core.o
 .data          0x00000000        0x0 kernel/net_core.o
 .bss           0x00000000       0x34 kernel/net_core.o
 .rodata        0x00000000       0x78 kernel/net_core.o
 .text.__x86.get_pc_thunk.ax
                0x00000000        0x4 kernel/net_core.o
 .text.__x86.get_pc_thunk.bx
                0x00000000        0x4 kernel/net_core.o
 .debug_info    0x00000000      0x42c kernel/net_core.o
 .debug_abbrev  0x00000000      0x1f0 kernel/net_core.o
 .debug_aranges
                0x00000000       0x20 kernel/net_core.o
 .debug_macro   0x00000000       0x63 kernel/net_core.o
 .debug_macro   0x00000000      0x97c kernel/net_core.o
 .debug_macro   0x00000000       0x28 kernel/net_core.o
 .debug_macro   0x00000000       0x10 kernel/net_core.o
 .debug_macro   0x00000000       0x22 kernel/net_core.o
 .debug_macro   0x00000000       0x16 kernel/net_core.o
 .debug_macro   0x00000000       0x10 kernel/net_core.o
 .debug_macro   0x00000000       0x16 kernel/net_core.o
 .debug_line    0x00000000      0x147 kernel/net_core.o
 .debug_str     0x00000000     0x353b kernel/net_core.o
 .debug_line_str
                0x00000000       0xf5 kernel/net_core.o
 .comment       0x00000000       0x1c kernel/net_core.o
 .note.GNU-stack
                0x00000000        0x0 kernel/net_core.o
 .note.gnu.property
                0x00000000       0x28 kernel/net_core.o
 .eh_frame      0x00000000      0x12c kernel/net_core.o
 .group         0x00000000        0x8 kernel/network.o
 .group         0x00000000        0x8 kernel/network.o
 .group         0x00000000        0xc kernel/network.o
 .group         0x00000000        0xc kernel/network.o
 .group         0x00000000        0xc kernel/network.o
 .group         0x00000000        0xc kernel/network.o
 .group         0x00000000        0xc kernel/network.o
 .group         0x00000000        0xc kernel/network.o
 .data          0x00000000        0x0 kernel/network.o
 .text.__x86.get_pc_thunk.ax
                0x00000000        0x4 kernel/network.o
 .text.__x86.get_pc_thunk.bx
                0x00000000        0x4 kernel/network.o
 .debug_macro   0x00000000      0x97c kernel/network.o
 .debug_macro   0x00000000       0x28 kernel/network.o
 .debug_macro   0x00000000       0x10 kernel/network.o
 .debug_macro   0x00000000       0xe8 kernel/network.o
 .debug_macro   0x00000000       0x16 kernel/network.o
 .comment       0x00000000       0x1c kernel/network.o
 .note.gnu.property
                0x00000000       0x28 kernel/network.o
 .eh_frame      0x00000000       0xec kernel/network.o
 .group         0x00000000        0x8 kernel/network_test.o
 .group         0x00000000        0xc kernel/network_test.o
 .group         0x00000000        0xc kernel/network_test.o
 .group         0x00000000        0xc kernel/network_test.o
 .group         0x00000000        0xc kernel/network_test.o
 .group         0x00000000        0xc kernel/network_test.o
 .group         0x00000000        0xc kernel/network_test.o
 .text          0x00000000      0x29e kernel/network_test.o
 .data          0x00000000        0x0 kernel/network_test.o
 .bss           0x00000000        0x0 kernel/network_test.o
 .rodata        0x00000000       0x90 kernel/network_test.o
 .text.__x86.get_pc_thunk.bx
                0x00000000        0x4 kernel/network_test.o
 .debug_info    0x00000000      0x29c kernel/network_test.o
 .debug_abbrev  0x00000000      0x10f kernel/network_test.o
 .debug_aranges
                0x00000000       0x20 kernel/network_test.o
 .debug_macro   0x00000000       0x58 kernel/network_test.o
 .debug_macro   0x00000000      0x97c kernel/network_test.o
 .debug_macro   0x00000000       0x28 kernel/network_test.o
 .debug_macro   0x00000000       0x10 kernel/network_test.o
 .debug_macro   0x00000000       0x2e kernel/network_test.o
 .debug_macro   0x00000000       0xe8 kernel/network_test.o
 .debug_macro   0x00000000       0x16 kernel/network_test.o
 .debug_line    0x00000000      0x12f kernel/network_test.o
 .debug_str     0x00000000     0x33fa kernel/network_test.o
 .debug_line_str
                0x00000000       0xf7 kernel/network_test.o
 .comment       0x00000000       0x1c kernel/network_test.o
 .note.GNU-stack
                0x00000000        0x0 kernel/network_test.o
 .note.gnu.property
                0x00000000       0x28 kernel/network_test.o
 .eh_frame      0x00000000       0x64 kernel/network_test.o
 .group         0x00000000        0x8 kernel/pci.o
 .group         0x00000000        0x8 kernel/pci.o
 .group         0x00000000        0xc kernel/pci.o
 .group         0x00000000        0xc kernel/pci.o
 .group         0x00000000        0xc kernel/pci.o
 .group         0x00000000        0xc kernel/pci.o
 .group         0x00000000        0xc kernel/pci.o
 .group         0x00000000        0xc kernel/pci.o
 .group         0x00000000        0xc kernel/pci.o
 .group         0x00000000        0xc kernel/pci.o
 .text          0x00000000      0x362 kernel/pci.o
 .data          0x00000000        0x0 kernel/pci.o
 .bss           0x00000000        0x0 kernel/pci.o
 .rodata        0x00000000       0xb1 kernel/pci.o
 .text.__x86.get_pc_thunk.ax
                0x00000000        0x4 kernel/pci.o
 .text.__x86.get_pc_thunk.bx
                0x00000000        0x4 kernel/pci.o
 .debug_info    0x00000000      0x46e kernel/pci.o
 .debug_abbrev  0x00000000      0x1ab kernel/pci.o
 .debug_aranges
                0x00000000       0x20 kernel/pci.o
 .debug_macro   0x00000000       0x6c kernel/pci.o
 .debug_macro   0x00000000      0x97c kernel/pci.o
 .debug_macro   0x00000000       0x28 kernel/pci.o
 .debug_macro   0x00000000       0x10 kernel/pci.o
 .debug_macro   0x00000000       0x10 kernel/pci.o
 .debug_macro   0x00000000       0x22 kernel/pci.o
 .debug_macro   0x00000000       0x16 kernel/pci.o
 .debug_macro   0x00000000       0x10 kernel/pci.o
 .debug_macro   0x00000000       0x16 kernel/pci.o
 .debug_line    0x00000000      0x189 kernel/pci.o
 .debug_str     0x00000000     0x34f3 kernel/pci.o
 .debug_line_str
                0x00000000       0xeb kernel/pci.o
 .comment       0x00000000       0x1c kernel/pci.o
 .note.GNU-stack
                0x00000000        0x0 kernel/pci.o
 .note.gnu.property
                0x00000000       0x28 kernel/pci.o
 .eh_frame      0x00000000      0x134 kernel/pci.o
 .group         0x00000000        0x8 kernel/power_test.o
 .group         0x00000000        0xc kernel/power_test.o
 .group         0x00000000        0xc kernel/power_test.o
 .group         0x00000000        0xc kernel/power_test.o
 .group         0x00000000        0xc kernel/power_test.o
 .group         0x00000000        0xc kernel/power_test.o
 .group         0x00000000        0xc kernel/power_test.o
 .text          0x00000000      0x7e0 kernel/power_test.o
 .data          0x00000000        0x0 kernel/power_test.o
 .bss           0x00000000        0x0 kernel/power_test.o
 .rodata        0x00000000      0x220 kernel/power_test.o
 .text.__x86.get_pc_thunk.bx
                0x00000000        0x4 kernel/power_test.o
 .debug_info    0x00000000      0x5c5 kernel/power_test.o
 .debug_abbrev  0x00000000      0x12a kernel/power_test.o
 .debug_aranges
                0x00000000       0x20 kernel/power_test.o
 .debug_macro   0x00000000       0x58 kernel/power_test.o
 .debug_macro   0x00000000      0x97c kernel/power_test.o
 .debug_macro   0x00000000       0x28 kernel/power_test.o
 .debug_macro   0x00000000       0x10 kernel/power_test.o
 .debug_macro   0x00000000       0x58 kernel/power_test.o
 .debug_macro   0x00000000       0xe8 kernel/power_test.o
 .debug_macro   0x00000000       0x16 kernel/power_test.o
 .debug_line    0x00000000      0x265 kernel/power_test.o
 .debug_str     0x00000000     0x3684 kernel/power_test.o
 .debug_line_str
                0x00000000       0xef kernel/power_test.o
 .comment       0x00000000       0x1c kernel/power_test.o
 .note.GNU-stack
                0x00000000        0x0 kernel/power_test.o
 .note.gnu.property
                0x00000000       0x28 kernel/power_test.o
 .eh_frame      0x00000000       0x4c kernel/power_test.o
 .group         0x00000000        0x8 kernel/process.o
 .group         0x00000000        0x8 kernel/process.o
 .group         0x00000000        0x8 kernel/process.o
 .group         0x00000000        0xc kernel/process.o
 .group         0x00000000        0xc kernel/process.o
 .group         0x00000000        0xc kernel/process.o
 .group         0x00000000        0xc kernel/process.o
 .group         0x00000000        0xc kernel/process.o
 .text.__x86.get_pc_thunk.ax
                0x00000000        0x4 kernel/process.o
 .text.__x86.get_pc_thunk.cx
                0x00000000        0x4 kernel/process.o
 .text.__x86.get_pc_thunk.bx
                0x00000000        0x4 kernel/process.o
 .debug_macro   0x00000000      0x97c kernel/process.o
 .debug_macro   0x00000000       0x28 kernel/process.o
 .debug_macro   0x00000000       0x10 kernel/process.o
 .debug_macro   0x00000000       0x16 kernel/process.o
 .debug_macro   0x00000000       0x16 kernel/process.o
 .comment       0x00000000       0x1c kernel/process.o
 .note.gnu.property
                0x00000000       0x28 kernel/process.o
 .eh_frame      0x00000000      0x184 kernel/process.o
 .group         0x00000000        0x8 kernel/program_loader.o
 .group         0x00000000        0x8 kernel/program_loader.o
 .group         0x00000000        0xc kernel/program_loader.o
 .group         0x00000000        0xc kernel/program_loader.o
 .group         0x00000000        0xc kernel/program_loader.o
 .group         0x00000000        0xc kernel/program_loader.o
 .group         0x00000000        0xc kernel/program_loader.o
 .group         0x00000000        0xc kernel/program_loader.o
 .group         0x00000000        0xc kernel/program_loader.o
 .group         0x00000000        0xc kernel/program_loader.o
 .group         0x00000000        0xc kernel/program_loader.o
 .group         0x00000000        0xc kernel/program_loader.o
 .group         0x00000000        0xc kernel/program_loader.o
 .data          0x00000000        0x0 kernel/program_loader.o
 .text.__x86.get_pc_thunk.ax
                0x00000000        0x4 kernel/program_loader.o
 .text.__x86.get_pc_thunk.bx
                0x00000000        0x4 kernel/program_loader.o
 .debug_macro   0x00000000      0x97c kernel/program_loader.o
 .debug_macro   0x00000000       0x28 kernel/program_loader.o
 .debug_macro   0x00000000       0x10 kernel/program_loader.o
 .debug_macro   0x00000000       0x76 kernel/program_loader.o
 .debug_macro   0x00000000       0x64 kernel/program_loader.o
 .debug_macro   0x00000000       0x22 kernel/program_loader.o
 .debug_macro   0x00000000       0x16 kernel/program_loader.o
 .debug_macro   0x00000000       0x10 kernel/program_loader.o
 .debug_macro   0x00000000       0x16 kernel/program_loader.o
 .comment       0x00000000       0x1c kernel/program_loader.o
 .note.gnu.property
                0x00000000       0x28 kernel/program_loader.o
 .eh_frame      0x00000000      0x158 kernel/program_loader.o
 .group         0x00000000        0x8 kernel/security.o
 .group         0x00000000        0x8 kernel/security.o
 .group         0x00000000        0xc kernel/security.o
 .group         0x00000000        0xc kernel/security.o
 .group         0x00000000        0xc kernel/security.o
 .group         0x00000000        0xc kernel/security.o
 .group         0x00000000        0xc kernel/security.o
 .group         0x00000000        0xc kernel/security.o
 .data          0x00000000        0x0 kernel/security.o
 .text.__x86.get_pc_thunk.ax
                0x00000000        0x4 kernel/security.o
 .text.__x86.get_pc_thunk.bx
                0x00000000        0x4 kernel/security.o
 .debug_macro   0x00000000      0x97c kernel/security.o
 .debug_macro   0x00000000       0x28 kernel/security.o
 .debug_macro   0x00000000       0x10 kernel/security.o
 .debug_macro   0x00000000       0xe8 kernel/security.o
 .debug_macro   0x00000000       0x16 kernel/security.o
 .comment       0x00000000       0x1c kernel/security.o
 .note.gnu.property
                0x00000000       0x28 kernel/security.o
 .eh_frame      0x00000000      0x1e0 kernel/security.o
 .group         0x00000000        0x8 kernel/security_test.o
 .group         0x00000000        0xc kernel/security_test.o
 .group         0x00000000        0xc kernel/security_test.o
 .group         0x00000000        0xc kernel/security_test.o
 .group         0x00000000        0xc kernel/security_test.o
 .group         0x00000000        0xc kernel/security_test.o
 .group         0x00000000        0xc kernel/security_test.o
 .text          0x00000000      0x40e kernel/security_test.o
 .data          0x00000000        0x0 kernel/security_test.o
 .bss           0x00000000        0x0 kernel/security_test.o
 .rodata        0x00000000      0x1a0 kernel/security_test.o
 .text.__x86.get_pc_thunk.bx
                0x00000000        0x4 kernel/security_test.o
 .debug_info    0x00000000      0x371 kernel/security_test.o
 .debug_abbrev  0x00000000       0xe2 kernel/security_test.o
 .debug_aranges
                0x00000000       0x20 kernel/security_test.o
 .debug_macro   0x00000000       0x58 kernel/security_test.o
 .debug_macro   0x00000000      0x97c kernel/security_test.o
 .debug_macro   0x00000000       0x28 kernel/security_test.o
 .debug_macro   0x00000000       0x10 kernel/security_test.o
 .debug_macro   0x00000000       0x34 kernel/security_test.o
 .debug_macro   0x00000000       0xe8 kernel/security_test.o
 .debug_macro   0x00000000       0x16 kernel/security_test.o
 .debug_line    0x00000000      0x16e kernel/security_test.o
 .debug_str     0x00000000     0x345a kernel/security_test.o
 .debug_line_str
                0x00000000       0xfb kernel/security_test.o
 .comment       0x00000000       0x1c kernel/security_test.o
 .note.GNU-stack
                0x00000000        0x0 kernel/security_test.o
 .note.gnu.property
                0x00000000       0x28 kernel/security_test.o
 .eh_frame      0x00000000       0x48 kernel/security_test.o
 .group         0x00000000        0x8 kernel/shell.o
 .group         0x00000000        0x8 kernel/shell.o
 .group         0x00000000        0xc kernel/shell.o
 .group         0x00000000        0xc kernel/shell.o
 .group         0x00000000        0xc kernel/shell.o
 .group         0x00000000        0xc kernel/shell.o
 .group         0x00000000        0xc kernel/shell.o
 .group         0x00000000        0xc kernel/shell.o
 .group         0x00000000        0xc kernel/shell.o
 .data          0x00000000        0x0 kernel/shell.o
 .text.__x86.get_pc_thunk.ax
                0x00000000        0x4 kernel/shell.o
 .text.__x86.get_pc_thunk.bx
                0x00000000        0x4 kernel/shell.o
 .debug_macro   0x00000000      0x97c kernel/shell.o
 .debug_macro   0x00000000       0x28 kernel/shell.o
 .debug_macro   0x00000000       0x16 kernel/shell.o
 .debug_macro   0x00000000       0x10 kernel/shell.o
 .debug_macro   0x00000000       0x22 kernel/shell.o
 .debug_macro   0x00000000       0x16 kernel/shell.o
 .comment       0x00000000       0x1c kernel/shell.o
 .note.gnu.property
                0x00000000       0x28 kernel/shell.o
 .eh_frame      0x00000000      0x12c kernel/shell.o
 .group         0x00000000        0x8 kernel/string.o
 .group         0x00000000        0x8 kernel/string.o
 .group         0x00000000        0xc kernel/string.o
 .group         0x00000000        0xc kernel/string.o
 .group         0x00000000        0xc kernel/string.o
 .group         0x00000000        0xc kernel/string.o
 .data          0x00000000        0x0 kernel/string.o
 .bss           0x00000000        0x0 kernel/string.o
 .text.__x86.get_pc_thunk.ax
                0x00000000        0x4 kernel/string.o
 .text.__x86.get_pc_thunk.cx
                0x00000000        0x4 kernel/string.o
 .debug_macro   0x00000000      0x97c kernel/string.o
 .debug_macro   0x00000000       0x28 kernel/string.o
 .debug_macro   0x00000000       0x16 kernel/string.o
 .debug_macro   0x00000000       0x10 kernel/string.o
 .comment       0x00000000       0x1c kernel/string.o
 .note.gnu.property
                0x00000000       0x28 kernel/string.o
 .eh_frame      0x00000000      0x284 kernel/string.o
 .group         0x00000000        0x8 kernel/syscall.o
 .group         0x00000000        0x8 kernel/syscall.o
 .group         0x00000000        0xc kernel/syscall.o
 .group         0x00000000        0xc kernel/syscall.o
 .group         0x00000000        0xc kernel/syscall.o
 .group         0x00000000        0xc kernel/syscall.o
 .group         0x00000000        0xc kernel/syscall.o
 .group         0x00000000        0xc kernel/syscall.o
 .group         0x00000000        0xc kernel/syscall.o
 .group         0x00000000        0xc kernel/syscall.o
 .group         0x00000000        0xc kernel/syscall.o
 .group         0x00000000        0xc kernel/syscall.o
 .group         0x00000000        0xc kernel/syscall.o
 .group         0x00000000        0xc kernel/syscall.o
 .data          0x00000000        0x0 kernel/syscall.o
 .bss           0x00000000        0x0 kernel/syscall.o
 .text.__x86.get_pc_thunk.ax
                0x00000000        0x4 kernel/syscall.o
 .text.__x86.get_pc_thunk.bx
                0x00000000        0x4 kernel/syscall.o
 .debug_macro   0x00000000      0x97c kernel/syscall.o
 .debug_macro   0x00000000       0x28 kernel/syscall.o
 .debug_macro   0x00000000       0x10 kernel/syscall.o
 .debug_macro   0x00000000       0x16 kernel/syscall.o
 .debug_macro   0x00000000       0x16 kernel/syscall.o
 .debug_macro   0x00000000       0x76 kernel/syscall.o
 .debug_macro   0x00000000       0x5e kernel/syscall.o
 .comment       0x00000000       0x1c kernel/syscall.o
 .note.gnu.property
                0x00000000       0x28 kernel/syscall.o
 .eh_frame      0x00000000      0x994 kernel/syscall.o
 .group         0x00000000        0x8 kernel/test_process.o
 .group         0x00000000        0xc kernel/test_process.o
 .group         0x00000000        0xc kernel/test_process.o
 .group         0x00000000        0xc kernel/test_process.o
 .group         0x00000000        0xc kernel/test_process.o
 .text          0x00000000       0xe6 kernel/test_process.o
 .data          0x00000000        0x0 kernel/test_process.o
 .bss           0x00000000        0x0 kernel/test_process.o
 .text.__x86.get_pc_thunk.ax
                0x00000000        0x4 kernel/test_process.o
 .debug_info    0x00000000      0x110 kernel/test_process.o
 .debug_abbrev  0x00000000       0xb3 kernel/test_process.o
 .debug_aranges
                0x00000000       0x20 kernel/test_process.o
 .debug_macro   0x00000000       0x36 kernel/test_process.o
 .debug_macro   0x00000000      0x97c kernel/test_process.o
 .debug_macro   0x00000000       0x28 kernel/test_process.o
 .debug_macro   0x00000000       0x10 kernel/test_process.o
 .debug_macro   0x00000000       0x16 kernel/test_process.o
 .debug_line    0x00000000       0xc8 kernel/test_process.o
 .debug_str     0x00000000     0x3085 kernel/test_process.o
 .debug_line_str
                0x00000000       0xda kernel/test_process.o
 .comment       0x00000000       0x1c kernel/test_process.o
 .note.GNU-stack
                0x00000000        0x0 kernel/test_process.o
 .note.gnu.property
                0x00000000       0x28 kernel/test_process.o
 .eh_frame      0x00000000       0x64 kernel/test_process.o
 .group         0x00000000        0x8 kernel/user_process.o
 .group         0x00000000        0xc kernel/user_process.o
 .group         0x00000000        0xc kernel/user_process.o
 .group         0x00000000        0xc kernel/user_process.o
 .group         0x00000000        0xc kernel/user_process.o
 .group         0x00000000        0xc kernel/user_process.o
 .text          0x00000000      0x1ae kernel/user_process.o
 .data          0x00000000        0x0 kernel/user_process.o
 .bss           0x00000000        0x0 kernel/user_process.o
 .rodata        0x00000000       0x40 kernel/user_process.o
 .text.__x86.get_pc_thunk.bx
                0x00000000        0x4 kernel/user_process.o
 .debug_info    0x00000000      0x1ae kernel/user_process.o
 .debug_abbrev  0x00000000       0xc9 kernel/user_process.o
 .debug_aranges
                0x00000000       0x20 kernel/user_process.o
 .debug_macro   0x00000000       0x45 kernel/user_process.o
 .debug_macro   0x00000000      0x97c kernel/user_process.o
 .debug_macro   0x00000000       0x28 kernel/user_process.o
 .debug_macro   0x00000000       0x10 kernel/user_process.o
 .debug_macro   0x00000000       0xe2 kernel/user_process.o
 .debug_macro   0x00000000       0x16 kernel/user_process.o
 .debug_line    0x00000000       0xf3 kernel/user_process.o
 .debug_str     0x00000000     0x32db kernel/user_process.o
 .debug_line_str
                0x00000000       0xe4 kernel/user_process.o
 .comment       0x00000000       0x1c kernel/user_process.o
 .note.GNU-stack
                0x00000000        0x0 kernel/user_process.o
 .note.gnu.property
                0x00000000       0x28 kernel/user_process.o
 .eh_frame      0x00000000       0x64 kernel/user_process.o
 .group         0x00000000        0x8 kernel/user_program.o
 .group         0x00000000        0xc kernel/user_program.o
 .group         0x00000000        0xc kernel/user_program.o
 .group         0x00000000        0xc kernel/user_program.o
 .group         0x00000000        0xc kernel/user_program.o
 .text          0x00000000       0xd3 kernel/user_program.o
 .data          0x00000000        0x0 kernel/user_program.o
 .bss           0x00000000        0x0 kernel/user_program.o
 .rodata        0x00000000       0x30 kernel/user_program.o
 .text.__x86.get_pc_thunk.bx
                0x00000000        0x4 kernel/user_program.o
 .debug_info    0x00000000      0x125 kernel/user_program.o
 .debug_abbrev  0x00000000       0xc7 kernel/user_program.o
 .debug_aranges
                0x00000000       0x20 kernel/user_program.o
 .debug_macro   0x00000000       0x32 kernel/user_program.o
 .debug_macro   0x00000000      0x97c kernel/user_program.o
 .debug_macro   0x00000000       0x28 kernel/user_program.o
 .debug_macro   0x00000000       0x10 kernel/user_program.o
 .debug_macro   0x00000000       0xe2 kernel/user_program.o
 .debug_line    0x00000000       0xa3 kernel/user_program.o
 .debug_str     0x00000000     0x327f kernel/user_program.o
 .debug_line_str
                0x00000000       0xd5 kernel/user_program.o
 .comment       0x00000000       0x1c kernel/user_program.o
 .note.GNU-stack
                0x00000000        0x0 kernel/user_program.o
 .note.gnu.property
                0x00000000       0x28 kernel/user_program.o
 .eh_frame      0x00000000       0x48 kernel/user_program.o
 .group         0x00000000        0x8 kernel/usermode.o
 .group         0x00000000        0x8 kernel/usermode.o
 .group         0x00000000        0xc kernel/usermode.o
 .group         0x00000000        0xc kernel/usermode.o
 .group         0x00000000        0xc kernel/usermode.o
 .group         0x00000000        0xc kernel/usermode.o
 .group         0x00000000        0xc kernel/usermode.o
 .group         0x00000000        0xc kernel/usermode.o
 .group         0x00000000        0xc kernel/usermode.o
 .text          0x00000000      0x18f kernel/usermode.o
 .data          0x00000000        0x0 kernel/usermode.o
 .bss           0x00000000       0x68 kernel/usermode.o
 .text.__x86.get_pc_thunk.ax
                0x00000000        0x4 kernel/usermode.o
 .text.__x86.get_pc_thunk.bx
                0x00000000        0x4 kernel/usermode.o
 .debug_info    0x00000000      0x4f5 kernel/usermode.o
 .debug_abbrev  0x00000000      0x1d6 kernel/usermode.o
 .debug_aranges
                0x00000000       0x20 kernel/usermode.o
 .debug_macro   0x00000000       0x7b kernel/usermode.o
 .debug_macro   0x00000000      0x97c kernel/usermode.o
 .debug_macro   0x00000000       0x28 kernel/usermode.o
 .debug_macro   0x00000000       0x10 kernel/usermode.o
 .debug_macro   0x00000000       0x28 kernel/usermode.o
 .debug_macro   0x00000000       0x64 kernel/usermode.o
 .debug_macro   0x00000000       0x16 kernel/usermode.o
 .debug_macro   0x00000000       0x16 kernel/usermode.o
 .debug_line    0x00000000      0x110 kernel/usermode.o
 .debug_str     0x00000000     0x33fd kernel/usermode.o
 .debug_line_str
                0x00000000      0x105 kernel/usermode.o
 .comment       0x00000000       0x1c kernel/usermode.o
 .note.GNU-stack
                0x00000000        0x0 kernel/usermode.o
 .note.gnu.property
                0x00000000       0x28 kernel/usermode.o
 .eh_frame      0x00000000       0xec kernel/usermode.o

Memory Configuration

Name             Origin             Length             Attributes
*default*        0x00000000         0xffffffff

Linker script and memory map

                0x00001000                        . = 0x1000

.text           0x00001000     0x6d31
 *(.text)
 .text          0x00001000       0x1e kernel/entry.o
                0x00001000                _start
 .text          0x0000101e      0x2f0 kernel/kmain.o
                0x0000101e                kmain
 .text          0x0000130e      0x54b drivers/vga.o
                0x0000140e                vga_enable_cursor
                0x00001475                vga_init
                0x000014a8                vga_clear
                0x0000151a                vga_set_color
                0x00001540                vga_putchar
                0x000016c9                vga_print
                0x00001704                vga_print_at
                0x00001765                vga_scroll
                0x0000181a                vga_set_cursor
 .text          0x00001859      0x56c drivers/keyboard.o
                0x000018c1                keyboard_init
                0x00001a3e                keyboard_available
                0x00001a6d                keyboard_handler
                0x00001ccc                keyboard_getchar
                0x00001d2a                keyboard_is_pressed
                0x00001d4f                keyboard_get_status
 .text          0x00001dc5      0x4fc drivers/serial.o
                0x00001e15                serial_init
                0x00001e98                serial_is_transmit_empty
                0x00001eca                serial_putchar
                0x00001f29                serial_write
                0x00001f9a                serial_is_data_ready
                0x00001fcc                serial_getchar
                0x00002004                serial_debug
                0x00002047                serial_info
                0x0000208a                serial_error
                0x000020cd                serial_hex
                0x00002176                serial_decimal
                0x00002247                serial_panic
 .text          0x000022c1      0x7b8 fs/filesystem_enhanced.o
                0x000022c1                fs_init
                0x000023b8                alloc_block
                0x0000247d                free_block
                0x000024e3                find_file
                0x0000255a                fs_create
                0x0000265e                fs_delete
                0x00002764                fs_open
                0x000027f5                fs_close
                0x00002809                fs_read
                0x0000289d                fs_write
                0x000029a1                fs_seek
                0x000029f7                fs_list
                0x00002a40                get_file_size
 .text          0x00002a79       0x61 kernel/context_switch.o
                0x00002a79                context_switch
                0x00002aaa                context_init
 .text          0x00002ada      0x391 kernel/device.o
                0x00002ada                device_init
                0x00002af4                device_register
                0x00002b83                device_unregister
                0x00002c12                device_find
                0x00002c63                device_find_by_number
                0x00002caf                device_open
                0x00002cff                device_close
                0x00002d51                device_read
                0x00002daf                device_write
                0x00002e0d                device_ioctl
 .text          0x00002e6b      0x7c9 kernel/idt.o
                0x00002ebb                idt_set_gate
                0x00002f33                pic_remap
                0x00002fd0                fault_handler
                0x00003068                irq_handler
                0x000030cf                register_interrupt_handler
                0x000030f6                enable_irq
                0x00003162                idt_init
 .text          0x00003634      0x20b kernel/interrupts.o
                0x00003682                isr0
                0x00003689                isr1
                0x00003690                isr2
                0x00003697                isr3
                0x0000369e                isr4
                0x000036a5                isr5
                0x000036ac                isr6
                0x000036b3                isr7
                0x000036bd                isr8
                0x000036c5                isr9
                0x000036cf                isr10
                0x000036d7                isr11
                0x000036df                isr12
                0x000036e7                isr13
                0x000036ef                isr14
                0x000036f7                isr15
                0x00003701                isr16
                0x0000370b                isr17
                0x00003713                isr18
                0x0000371d                isr19
                0x00003727                isr20
                0x00003731                isr21
                0x0000373b                isr22
                0x00003745                isr23
                0x0000374f                isr24
                0x00003759                isr25
                0x00003763                isr26
                0x0000376d                isr27
                0x00003777                isr28
                0x00003781                isr29
                0x0000378b                isr30
                0x00003795                isr31
                0x0000379f                irq0
                0x000037a9                irq1
                0x000037b3                irq2
                0x000037bd                irq3
                0x000037c7                irq4
                0x000037d1                irq5
                0x000037db                irq6
                0x000037e5                irq7
                0x000037ef                irq8
                0x000037f9                irq9
                0x00003803                irq10
                0x0000380d                irq11
                0x00003817                irq12
                0x00003821                irq13
                0x0000382b                irq14
                0x00003835                irq15
 .text          0x0000383f      0x7ec kernel/log.o
                0x0000383f                log_init
                0x00003873                log_set_level
                0x00003e50                log_printf
                0x00003ea0                log_debug
                0x00003eef                log_info
                0x00003f3e                log_warn
                0x00003f8d                log_error
                0x00003fdc                log_critical
 .text          0x0000402b      0x4ff kernel/memory.o
                0x0000402b                memory_init
                0x000040a9                paging_init
                0x00004141                enable_paging
                0x00004170                alloc_page
                0x00004204                free_page
                0x00004268                map_page
                0x000042bb                unmap_page
                0x0000430a                get_phys_addr
                0x0000436b                flush_tlb
                0x00004381                heap_init
                0x0000439b                kmalloc
                0x000043f4                kfree
                0x00004404                memory_stats
                0x0000444f                heap_stats
                0x0000447f                kmalloc_aligned
                0x000044df                kcalloc
 .text          0x0000452a      0x9db kernel/monitor.o
                0x0000452a                monitor_init
                0x000045e0                monitor_log
                0x000046e5                monitor_log_printf
                0x0000471c                monitor_get_log_entry
                0x00004792                monitor_get_system_stats
                0x000047d7                monitor_get_performance_metrics
                0x0000481c                monitor_update_stats
                0x00004997                monitor_dump_logs
                0x00004ae5                monitor_dump_stats
                0x00004cde                monitor_start_timer
                0x00004db7                monitor_end_timer
                0x00004e93                monitor_get_timer_value
 .text          0x00004f05      0x293 kernel/network.o
                0x00004f05                network_init
                0x00004fb9                network_send_packet
                0x000050b5                network_receive_packet
                0x00005144                network_set_ip
                0x00005161                network_set_mac
 .text          0x00005198      0x6b8 kernel/process.o
                0x0000525e                __stack_chk_fail_local
                0x0000526d                process_init
                0x000052e3                process_create
                0x000053aa                process_exit
                0x000053d9                process_get
                0x0000540c                process_print_list
                0x0000567d                schedule
                0x0000583b                process_get_current
 .text          0x00005850      0x766 kernel/program_loader.o
                0x00005850                program_loader_init
                0x00005889                program_validate_elf
                0x00005973                program_alloc_memory
                0x000059eb                program_free_memory
                0x00005a29                program_load
                0x00005e36                program_execute
                0x00005eab                program_execute_from_info
                0x00005f8b                program_cleanup
 .text          0x00005fb6      0x881 kernel/security.o
                0x00005fb6                security_init
                0x000060a4                security_set_context
                0x00006109                security_get_context
                0x0000614a                security_check_permission
                0x00006173                security_check_file_access
                0x00006262                security_check_device_access
                0x0000629a                security_set_permission
                0x00006401                security_get_permission
                0x000064bb                security_create_user
                0x000065f4                security_delete_user
                0x00006677                security_set_user_password
                0x00006749                security_authenticate_user
 .text          0x00006837      0x523 kernel/shell.o
                0x0000692e                shell_init
                0x00006a29                shell_execute_command
                0x00006b30                shell_run
 .text          0x00006d5a      0x475 kernel/string.o
                0x00006d5a                outb
                0x00006d83                inb
                0x00006daa                outw
                0x00006dd5                inw
                0x00006dfe                outl
                0x00006e20                inl
                0x00006e46                memset
                0x00006e7e                strcpy
                0x00006eb8                strcmp
                0x00006f01                strcat
                0x00006f4b                memcpy
                0x00006f92                strncpy
                0x00006fd9                strncmp
                0x0000703c                strlen
                0x0000706d                itoa
                0x00007139                memcmp
                0x000071ad                enable_interrupts
                0x000071be                disable_interrupts
 .text          0x000071cf      0xb52 kernel/syscall.o
                0x000075fb                syscall_interrupt_handler
                0x00007676                syscall_init
                0x000076a6                syscall
                0x000076d0                sys_exit
                0x000076fc                sys_write
                0x00007765                sys_read
                0x000077ec                sys_fork
                0x00007803                sys_wait
                0x00007817                sys_exec
                0x0000782b                sys_getpid
                0x0000785d                sys_yield
                0x0000787f                sys_open
                0x000078b8                sys_close
                0x000078f4                sys_seek
                0x0000792d                sys_stat
                0x00007941                sys_ipc_send
                0x00007965                sys_ipc_receive
                0x00007979                sys_vm_alloc
                0x0000798d                sys_vm_free
                0x000079a1                sys_vm_map
                0x000079b5                sys_power_state
                0x000079c9                sys_get_battery_info
                0x000079dd                sys_get_power_stats
                0x000079f1                sys_network_send
                0x00007a2e                sys_network_receive
                0x00007a54                sys_device_open
                0x00007a7a                sys_device_close
                0x00007aa0                sys_device_read
                0x00007acc                sys_device_write
                0x00007af8                sys_device_ioctl
                0x00007b24                sys_getuid
                0x00007b76                sys_getgid
                0x00007bc8                sys_setuid
                0x00007bf3                sys_setgid
                0x00007c1e                sys_chmod
                0x00007c51                sys_chown
                0x00007c7c                sys_log
                0x00007cb4                sys_get_stats
                0x00007cff                sys_dump_logs
 *(.text.*)
 .text.__x86.get_pc_thunk.bx
                0x00007d21        0x4 kernel/kmain.o
                0x00007d21                __x86.get_pc_thunk.bx
 .text.__x86.get_pc_thunk.ax
                0x00007d25        0x4 drivers/vga.o
                0x00007d25                __x86.get_pc_thunk.ax
 .text.__x86.get_pc_thunk.dx
                0x00007d29        0x4 drivers/vga.o
                0x00007d29                __x86.get_pc_thunk.dx
 .text.__x86.get_pc_thunk.cx
                0x00007d2d        0x4 kernel/monitor.o
                0x00007d2d                __x86.get_pc_thunk.cx

.iplt           0x00007d31        0x0
 .iplt          0x00007d31        0x0 kernel/entry.o

.rodata         0x00007d40      0xb80
 *(.rodata .rodata.*)
 .rodata        0x00007d40      0x34d kernel/kmain.o
 *fill*         0x0000808d       0x13 
 .rodata        0x000080a0       0x9a drivers/keyboard.o
 *fill*         0x0000813a        0x6 
 .rodata        0x00008140       0x70 drivers/serial.o
 .rodata        0x000081b0       0x64 fs/filesystem_enhanced.o
 .rodata        0x00008214       0x1b kernel/idt.o
 *fill*         0x0000822f        0x1 
 .rodata        0x00008230       0x75 kernel/log.o
 *fill*         0x000082a5        0xb 
 .rodata        0x000082b0      0x160 kernel/monitor.o
 .rodata        0x00008410       0x9b kernel/process.o
 *fill*         0x000084ab        0x1 
 .rodata        0x000084ac      0x23d kernel/program_loader.o
 .rodata        0x000086e9       0x15 kernel/security.o
 *fill*         0x000086fe        0x2 
 .rodata        0x00008700      0x175 kernel/shell.o
 *fill*         0x00008875        0x3 
 .rodata        0x00008878       0x48 kernel/string.o

.rel.dyn        0x000088c0        0x0
 .rel.got       0x000088c0        0x0 kernel/entry.o
 .rel.iplt      0x000088c0        0x0 kernel/entry.o

.data           0x000088c0       0xb0
 *(.data .data.*)
 .data          0x000088c0        0x1 drivers/vga.o
 *fill*         0x000088c1        0x3 
 .data          0x000088c4        0x4 kernel/memory.o
 .data          0x000088c8        0x4 kernel/process.o
 *fill*         0x000088cc       0x14 
 .data.rel.ro.local
                0x000088e0       0x90 kernel/syscall.o

.got            0x00008970        0x0
 .got           0x00008970        0x0 kernel/entry.o

.got.plt        0x00008970        0xc
 .got.plt       0x00008970        0xc kernel/entry.o
                0x00008970                _GLOBAL_OFFSET_TABLE_

.igot.plt       0x0000897c        0x0
 .igot.plt      0x0000897c        0x0 kernel/entry.o

.bss            0x00009000   0x34e2ac
 *(COMMON)
 *(.bss .bss.*)
 .bss           0x00009000     0x4000 kernel/entry.o
 .bss           0x0000d000        0x8 drivers/vga.o
 *fill*         0x0000d008       0x18 
 .bss           0x0000d020      0x128 drivers/keyboard.o
 *fill*         0x0000d148       0x18 
 .bss           0x0000d160   0x104608 fs/filesystem_enhanced.o
 .bss           0x00111768        0x4 kernel/device.o
 *fill*         0x0011176c       0x14 
 .bss           0x00111780      0xc20 kernel/idt.o
                0x00111780                idt
                0x00111f80                idtp
 .bss           0x001123a0        0x4 kernel/log.o
 *fill*         0x001123a4      0xc5c 
 .bss           0x00113000   0x1020a4 kernel/memory.o
 *fill*         0x002150a4       0x1c 
 .bss           0x002150c0    0x10b28 kernel/monitor.o
 *fill*         0x00225be8       0x18 
 .bss           0x00225c00     0xbf2c kernel/network.o
 *fill*         0x00231b2c       0x14 
 .bss           0x00231b40    0x20b90 kernel/process.o
 *fill*         0x002526d0       0x10 
 .bss           0x002526e0   0x100004 kernel/program_loader.o
 *fill*         0x003526e4       0x1c 
 .bss           0x00352700     0x1804 kernel/security.o
 *fill*         0x00353f04       0x1c 
 .bss           0x00353f20     0x338c kernel/shell.o
                0x00353f20                shell_state
                0x003552a0                history
                0x003572ac                        _end = .

/DISCARD/
 *(.comment)
 *(.eh_frame)
 *(.note.gnu.build-id)
 *(.note.gnu.property)
LOAD kernel/entry.o
LOAD kernel/kmain.o
LOAD drivers/vga.o
LOAD drivers/keyboard.o
LOAD drivers/keyboard_intl.o
LOAD drivers/net_ne2k.o
LOAD drivers/serial.o
LOAD drivers/timer.o
LOAD fs/filesystem_enhanced.o
LOAD fs/ramfs.o
LOAD fs/vfs_simple.o
LOAD kernel/context.o
LOAD kernel/context_switch.o
LOAD kernel/device.o
LOAD kernel/device_test.o
LOAD kernel/idt.o
LOAD kernel/interrupts.o
LOAD kernel/log.o
LOAD kernel/memory.o
LOAD kernel/memory_test.o
LOAD kernel/monitor.o
LOAD kernel/monitor_test.o
LOAD kernel/net_core.o
LOAD kernel/network.o
LOAD kernel/network_test.o
LOAD kernel/pci.o
LOAD kernel/power_test.o
LOAD kernel/process.o
LOAD kernel/program_loader.o
LOAD kernel/security.o
LOAD kernel/security_test.o
LOAD kernel/shell.o
LOAD kernel/string.o
LOAD kernel/syscall.o
LOAD kernel/test_process.o
LOAD kernel/user_process.o
LOAD kernel/user_program.o
LOAD kernel/usermode.o
OUTPUT(kernel.elf elf32-i386)

.debug_info     0x00000000     0x6c33
 .debug_info    0x00000000      0x20f kernel/kmain.o
 .debug_info    0x0000020f      0x3e6 drivers/vga.o
 .debug_info    0x000005f5      0x558 drivers/keyboard.o
 .debug_info    0x00000b4d      0x46a drivers/serial.o
 .debug_info    0x00000fb7      0x6a9 fs/filesystem_enhanced.o
 .debug_info    0x00001660      0x4ca kernel/device.o
 .debug_info    0x00001b2a      0x65c kernel/idt.o
 .debug_info    0x00002186      0x5ad kernel/log.o
 .debug_info    0x00002733      0x51b kernel/memory.o
 .debug_info    0x00002c4e      0x789 kernel/monitor.o
 .debug_info    0x000033d7      0x30a kernel/network.o
 .debug_info    0x000036e1      0x533 kernel/process.o
 .debug_info    0x00003c14      0x6cb kernel/program_loader.o
 .debug_info    0x000042df      0x59f kernel/security.o
 .debug_info    0x0000487e      0x462 kernel/shell.o
 .debug_info    0x00004ce0      0x531 kernel/string.o
 .debug_info    0x00005211     0x1a22 kernel/syscall.o

.debug_abbrev   0x00000000     0x1db6
 .debug_abbrev  0x00000000      0x115 kernel/kmain.o
 .debug_abbrev  0x00000115      0x162 drivers/vga.o
 .debug_abbrev  0x00000277      0x21d drivers/keyboard.o
 .debug_abbrev  0x00000494      0x162 drivers/serial.o
 .debug_abbrev  0x000005f6      0x1b9 fs/filesystem_enhanced.o
 .debug_abbrev  0x000007af      0x1a0 kernel/device.o
 .debug_abbrev  0x0000094f      0x201 kernel/idt.o
 .debug_abbrev  0x00000b50      0x1be kernel/log.o
 .debug_abbrev  0x00000d0e      0x1cc kernel/memory.o
 .debug_abbrev  0x00000eda      0x1a4 kernel/monitor.o
 .debug_abbrev  0x0000107e      0x183 kernel/network.o
 .debug_abbrev  0x00001201      0x239 kernel/process.o
 .debug_abbrev  0x0000143a      0x1c5 kernel/program_loader.o
 .debug_abbrev  0x000015ff      0x16b kernel/security.o
 .debug_abbrev  0x0000176a      0x220 kernel/shell.o
 .debug_abbrev  0x0000198a      0x12a kernel/string.o
 .debug_abbrev  0x00001ab4      0x302 kernel/syscall.o

.debug_aranges  0x00000000      0x220
 .debug_aranges
                0x00000000       0x20 kernel/kmain.o
 .debug_aranges
                0x00000020       0x20 drivers/vga.o
 .debug_aranges
                0x00000040       0x20 drivers/keyboard.o
 .debug_aranges
                0x00000060       0x20 drivers/serial.o
 .debug_aranges
                0x00000080       0x20 fs/filesystem_enhanced.o
 .debug_aranges
                0x000000a0       0x20 kernel/device.o
 .debug_aranges
                0x000000c0       0x20 kernel/idt.o
 .debug_aranges
                0x000000e0       0x20 kernel/log.o
 .debug_aranges
                0x00000100       0x20 kernel/memory.o
 .debug_aranges
                0x00000120       0x20 kernel/monitor.o
 .debug_aranges
                0x00000140       0x20 kernel/network.o
 .debug_aranges
                0x00000160       0x20 kernel/process.o
 .debug_aranges
                0x00000180       0x20 kernel/program_loader.o
 .debug_aranges
                0x000001a0       0x20 kernel/security.o
 .debug_aranges
                0x000001c0       0x20 kernel/shell.o
 .debug_aranges
                0x000001e0       0x20 kernel/string.o
 .debug_aranges
                0x00000200       0x20 kernel/syscall.o

.debug_macro    0x00000000     0x18c7
 .debug_macro   0x00000000       0xfb kernel/kmain.o
 .debug_macro   0x000000fb      0x97c kernel/kmain.o
 .debug_macro   0x00000a77       0x28 kernel/kmain.o
 .debug_macro   0x00000a9f       0x10 kernel/kmain.o
 .debug_macro   0x00000aaf       0x16 kernel/kmain.o
 .debug_macro   0x00000ac5       0x10 kernel/kmain.o
 .debug_macro   0x00000ad5       0x22 kernel/kmain.o
 .debug_macro   0x00000af7       0x16 kernel/kmain.o
 .debug_macro   0x00000b0d       0x16 kernel/kmain.o
 .debug_macro   0x00000b23       0x22 kernel/kmain.o
 .debug_macro   0x00000b45       0x76 kernel/kmain.o
 .debug_macro   0x00000bbb       0xe8 kernel/kmain.o
 .debug_macro   0x00000ca3       0x1c kernel/kmain.o
 .debug_macro   0x00000cbf       0x40 kernel/kmain.o
 .debug_macro   0x00000cff       0x10 kernel/kmain.o
 .debug_macro   0x00000d0f       0x16 kernel/kmain.o
 .debug_macro   0x00000d25       0x64 kernel/kmain.o
 .debug_macro   0x00000d89       0x5e kernel/kmain.o
 .debug_macro   0x00000de7       0x4b drivers/vga.o
 .debug_macro   0x00000e32       0x8e drivers/keyboard.o
 .debug_macro   0x00000ec0       0x10 drivers/keyboard.o
 .debug_macro   0x00000ed0       0x9c drivers/serial.o
 .debug_macro   0x00000f6c       0x1c drivers/serial.o
 .debug_macro   0x00000f88       0x4f fs/filesystem_enhanced.o
 .debug_macro   0x00000fd7       0x70 fs/filesystem_enhanced.o
 .debug_macro   0x00001047       0x61 kernel/device.o
 .debug_macro   0x000010a8       0x22 kernel/device.o
 .debug_macro   0x000010ca       0x6b kernel/idt.o
 .debug_macro   0x00001135       0x5d kernel/log.o
 .debug_macro   0x00001192       0x5b kernel/memory.o
 .debug_macro   0x000011ed       0x5e kernel/memory.o
 .debug_macro   0x0000124b       0x6d kernel/monitor.o
 .debug_macro   0x000012b8       0x4c kernel/monitor.o
 .debug_macro   0x00001304       0x58 kernel/network.o
 .debug_macro   0x0000135c       0x2e kernel/network.o
 .debug_macro   0x0000138a       0x69 kernel/process.o
 .debug_macro   0x000013f3       0x9d kernel/program_loader.o
 .debug_macro   0x00001490       0x3a kernel/program_loader.o
 .debug_macro   0x000014ca       0x1c kernel/program_loader.o
 .debug_macro   0x000014e6       0x58 kernel/security.o
 .debug_macro   0x0000153e       0x34 kernel/security.o
 .debug_macro   0x00001572       0x61 kernel/shell.o
 .debug_macro   0x000015d3       0x4c kernel/shell.o
 .debug_macro   0x0000161f       0x2c kernel/string.o
 .debug_macro   0x0000164b       0xb2 kernel/syscall.o
 .debug_macro   0x000016fd       0xe2 kernel/syscall.o
 .debug_macro   0x000017df       0x34 kernel/syscall.o
 .debug_macro   0x00001813       0x28 kernel/syscall.o
 .debug_macro   0x0000183b       0x3a kernel/syscall.o
 .debug_macro   0x00001875       0x52 kernel/syscall.o

.debug_line     0x00000000     0x2e55
 .debug_line    0x00000000      0x177 kernel/kmain.o
 .debug_line    0x00000177      0x249 drivers/vga.o
 .debug_line    0x000003c0      0x2de drivers/keyboard.o
 .debug_line    0x0000069e      0x20f drivers/serial.o
 .debug_line    0x000008ad      0x352 fs/filesystem_enhanced.o
 .debug_line    0x00000bff      0x27b kernel/device.o
 .debug_line    0x00000e7a      0x1c3 kernel/idt.o
 .debug_line    0x0000103d      0x381 kernel/log.o
 .debug_line    0x000013be      0x27f kernel/memory.o
 .debug_line    0x0000163d      0x3c6 kernel/monitor.o
 .debug_line    0x00001a03      0x147 kernel/network.o
 .debug_line    0x00001b4a      0x2aa kernel/process.o
 .debug_line    0x00001df4      0x310 kernel/program_loader.o
 .debug_line    0x00002104      0x3fc kernel/security.o
 .debug_line    0x00002500      0x1d1 kernel/shell.o
 .debug_line    0x000026d1      0x2e5 kernel/string.o
 .debug_line    0x000029b6      0x49f kernel/syscall.o

.debug_str      0x00000000     0x5a65
 .debug_str     0x00000000     0x5a65 kernel/kmain.o
                               0x3c1a (size before relaxing)
 .debug_str     0x00005a65        0x0 drivers/vga.o
                               0x32bc (size before relaxing)
 .debug_str     0x00005a65        0x0 drivers/keyboard.o
                               0x362d (size before relaxing)
 .debug_str     0x00005a65        0x0 drivers/serial.o
                               0x3610 (size before relaxing)
 .debug_str     0x00005a65        0x0 fs/filesystem_enhanced.o
                               0x3371 (size before relaxing)
 .debug_str     0x00005a65        0x0 kernel/device.o
                               0x3570 (size before relaxing)
 .debug_str     0x00005a65        0x0 kernel/idt.o
                               0x3442 (size before relaxing)
 .debug_str     0x00005a65        0x0 kernel/log.o
                               0x3508 (size before relaxing)
 .debug_str     0x00005a65        0x0 kernel/memory.o
                               0x339c (size before relaxing)
 .debug_str     0x00005a65        0x0 kernel/monitor.o
                               0x3867 (size before relaxing)
 .debug_str     0x00005a65        0x0 kernel/network.o
                               0x3453 (size before relaxing)
 .debug_str     0x00005a65        0x0 kernel/process.o
                               0x32e6 (size before relaxing)
 .debug_str     0x00005a65        0x0 kernel/program_loader.o
                               0x3a1e (size before relaxing)
 .debug_str     0x00005a65        0x0 kernel/security.o
                               0x3531 (size before relaxing)
 .debug_str     0x00005a65        0x0 kernel/shell.o
                               0x3507 (size before relaxing)
 .debug_str     0x00005a65        0x0 kernel/string.o
                               0x3115 (size before relaxing)
 .debug_str     0x00005a65        0x0 kernel/syscall.o
                               0x40d7 (size before relaxing)

.debug_line_str
                0x00000000      0x316
 .debug_line_str
                0x00000000      0x316 kernel/kmain.o
                                0x1f7 (size before relaxing)
 .debug_line_str
                0x00000316        0x0 drivers/vga.o
                                 0xc6 (size before relaxing)
 .debug_line_str
                0x00000316        0x0 drivers/keyboard.o
                                0x125 (size before relaxing)
 .debug_line_str
                0x00000316        0x0 drivers/serial.o
                                0x104 (size before relaxing)
 .debug_line_str
                0x00000316        0x0 fs/filesystem_enhanced.o
                                 0xf9 (size before relaxing)
 .debug_line_str
                0x00000316        0x0 kernel/device.o
                                 0xed (size before relaxing)
 .debug_line_str
                0x00000316        0x0 kernel/idt.o
                                 0xe5 (size before relaxing)
 .debug_line_str
                0x00000316        0x0 kernel/log.o
                                 0xe9 (size before relaxing)
 .debug_line_str
                0x00000316        0x0 kernel/memory.o
                                 0xda (size before relaxing)
 .debug_line_str
                0x00000316        0x0 kernel/monitor.o
                                 0xf1 (size before relaxing)
 .debug_line_str
                0x00000316        0x0 kernel/network.o
                                 0xe8 (size before relaxing)
 .debug_line_str
                0x00000316        0x0 kernel/process.o
                                 0xee (size before relaxing)
 .debug_line_str
                0x00000316        0x0 kernel/program_loader.o
                                0x175 (size before relaxing)
 .debug_line_str
                0x00000316        0x0 kernel/security.o
                                 0xec (size before relaxing)
 .debug_line_str
                0x00000316        0x0 kernel/shell.o
                                 0xf6 (size before relaxing)
 .debug_line_str
                0x00000316        0x0 kernel/string.o
                                 0xb0 (size before relaxing)
 .debug_line_str
                0x00000316        0x0 kernel/syscall.o
                                0x13a (size before relaxing)

.note.GNU-stack
                0x00000000        0x0
 .note.GNU-stack
                0x00000000        0x0 kernel/kmain.o
 .note.GNU-stack
                0x00000000        0x0 drivers/vga.o
 .note.GNU-stack
                0x00000000        0x0 drivers/keyboard.o
 .note.GNU-stack
                0x00000000        0x0 drivers/serial.o
 .note.GNU-stack
                0x00000000        0x0 fs/filesystem_enhanced.o
 .note.GNU-stack
                0x00000000        0x0 kernel/device.o
 .note.GNU-stack
                0x00000000        0x0 kernel/idt.o
 .note.GNU-stack
                0x00000000        0x0 kernel/log.o
 .note.GNU-stack
                0x00000000        0x0 kernel/memory.o
 .note.GNU-stack
                0x00000000        0x0 kernel/monitor.o
 .note.GNU-stack
                0x00000000        0x0 kernel/network.o
 .note.GNU-stack
                0x00000000        0x0 kernel/process.o
 .note.GNU-stack
                0x00000000        0x0 kernel/program_loader.o
 .note.GNU-stack
                0x00000000        0x0 kernel/security.o
 .note.GNU-stack
                0x00000000        0x0 kernel/shell.o
 .note.GNU-stack
                0x00000000        0x0 kernel/string.o
 .note.GNU-stack
                0x00000000        0x0 kernel/syscall.o

.debug_rnglists
                0x00000000       0x2e
 .debug_rnglists
                0x00000000       0x17 drivers/serial.o
 .debug_rnglists
                0x00000017       0x17 kernel/process.o
