
Merging object attributes


Merging program properties

Updated property 0xc0010001 (0x9) to merge kernel/entry.o (0x1) and drivers/serial.o (0x9)
Updated property 0xc0010002 (0x1) to merge kernel/entry.o (0x0) and drivers/serial.o (0x1)
Updated property 0xc0010001 (0x9) to merge kernel/entry.o (0x9) and drivers/timer.o (0x1)
Updated property 0xc0010002 (0x1) to merge kernel/entry.o (0x1) and drivers/timer.o (0x0)
Updated property 0xc0010001 (0x9) to merge kernel/entry.o (0x9) and fs/filesystem_enhanced.o (0x1)
Updated property 0xc0010002 (0x1) to merge kernel/entry.o (0x1) and fs/filesystem_enhanced.o (0x0)
Updated property 0xc0010001 (0x9) to merge kernel/entry.o (0x9) and kernel/context.o (0x1)
Updated property 0xc0010002 (0x1) to merge kernel/entry.o (0x1) and kernel/context.o (0x0)
Updated property 0xc0010001 (0x9) to merge kernel/entry.o (0x9) and kernel/device.o (0x1)
Updated property 0xc0010002 (0x1) to merge kernel/entry.o (0x1) and kernel/device.o (0x0)
Updated property 0xc0010001 (0x9) to merge kernel/entry.o (0x9) and kernel/idt.o (0x1)
Updated property 0xc0010002 (0x1) to merge kernel/entry.o (0x1) and kernel/idt.o (0x0)
Updated property 0xc0010001 (0x9) to merge kernel/entry.o (0x9) and kernel/interrupts.o (0x1)
Updated property 0xc0010002 (0x1) to merge kernel/entry.o (0x1) and kernel/interrupts.o (0x0)
Updated property 0xc0010001 (0x9) to merge kernel/entry.o (0x9) and kernel/log.o (0x1)
Updated property 0xc0010002 (0x1) to merge kernel/entry.o (0x1) and kernel/log.o (0x0)
Updated property 0xc0010001 (0x9) to merge kernel/entry.o (0x9) and kernel/memory.o (0x1)
Updated property 0xc0010002 (0x1) to merge kernel/entry.o (0x1) and kernel/memory.o (0x0)
Updated property 0xc0010001 (0x9) to merge kernel/entry.o (0x9) and kernel/net_core.o (0x1)
Updated property 0xc0010002 (0x1) to merge kernel/entry.o (0x1) and kernel/net_core.o (0x0)
Updated property 0xc0010001 (0x9) to merge kernel/entry.o (0x9) and kernel/network.o (0x1)
Updated property 0xc0010002 (0x1) to merge kernel/entry.o (0x1) and kernel/network.o (0x0)
Updated property 0xc0010001 (0x9) to merge kernel/entry.o (0x9) and kernel/pci.o (0x1)
Updated property 0xc0010002 (0x1) to merge kernel/entry.o (0x1) and kernel/pci.o (0x0)
Updated property 0xc0010001 (0x9) to merge kernel/entry.o (0x9) and kernel/process.o (0x1)
Updated property 0xc0010002 (0x1) to merge kernel/entry.o (0x1) and kernel/process.o (0x0)
Updated property 0xc0010001 (0x9) to merge kernel/entry.o (0x9) and kernel/program_loader.o (0x1)
Updated property 0xc0010002 (0x1) to merge kernel/entry.o (0x1) and kernel/program_loader.o (0x0)
Updated property 0xc0010001 (0x9) to merge kernel/entry.o (0x9) and kernel/security.o (0x1)
Updated property 0xc0010002 (0x1) to merge kernel/entry.o (0x1) and kernel/security.o (0x0)
Updated property 0xc0010001 (0x9) to merge kernel/entry.o (0x9) and kernel/shell.o (0x1)
Updated property 0xc0010002 (0x1) to merge kernel/entry.o (0x1) and kernel/shell.o (0x0)
Updated property 0xc0010001 (0x9) to merge kernel/entry.o (0x9) and kernel/string.o (0x1)
Updated property 0xc0010002 (0x1) to merge kernel/entry.o (0x1) and kernel/string.o (0x0)
Updated property 0xc0010001 (0x9) to merge kernel/entry.o (0x9) and kernel/syscall.o (0x1)
Updated property 0xc0010001 (0x9) to merge kernel/entry.o (0x9) and kernel/usermode.o (0x1)
Updated property 0xc0010002 (0x1) to merge kernel/entry.o (0x1) and kernel/usermode.o (0x0)

Discarded input sections

 .data          0x00000000        0x0 kernel/entry.o
 .rodata        0x00000000       0x39 kernel/entry.o
 .note.gnu.property
                0x00000000       0x28 kernel/entry.o
 .group         0x00000000        0x8 kernel/kmain.o
 .group         0x00000000        0x8 kernel/kmain.o
 .group         0x00000000        0xc kernel/kmain.o
 .group         0x00000000        0xc kernel/kmain.o
 .group         0x00000000        0xc kernel/kmain.o
 .group         0x00000000        0xc kernel/kmain.o
 .group         0x00000000        0xc kernel/kmain.o
 .group         0x00000000        0xc kernel/kmain.o
 .group         0x00000000        0xc kernel/kmain.o
 .group         0x00000000        0xc kernel/kmain.o
 .group         0x00000000        0xc kernel/kmain.o
 .group         0x00000000        0xc kernel/kmain.o
 .group         0x00000000        0xc kernel/kmain.o
 .group         0x00000000        0xc kernel/kmain.o
 .group         0x00000000        0xc kernel/kmain.o
 .group         0x00000000        0xc kernel/kmain.o
 .group         0x00000000        0xc kernel/kmain.o
 .group         0x00000000        0xc kernel/kmain.o
 .group         0x00000000        0xc kernel/kmain.o
 .data          0x00000000        0x0 kernel/kmain.o
 .bss           0x00000000        0x0 kernel/kmain.o
 .comment       0x00000000       0x1c kernel/kmain.o
 .note.gnu.property
                0x00000000       0x28 kernel/kmain.o
 .eh_frame      0x00000000       0x9c kernel/kmain.o
 .group         0x00000000        0x8 drivers/vga.o
 .group         0x00000000        0x8 drivers/vga.o
 .group         0x00000000        0x8 drivers/vga.o
 .group         0x00000000        0xc drivers/vga.o
 .group         0x00000000        0xc drivers/vga.o
 .group         0x00000000        0xc drivers/vga.o
 .group         0x00000000        0xc drivers/vga.o
 .group         0x00000000        0xc drivers/vga.o
 .text.__x86.get_pc_thunk.ax
                0x00000000        0x4 drivers/vga.o
 .text.__x86.get_pc_thunk.bx
                0x00000000        0x4 drivers/vga.o
 .debug_macro   0x00000000      0x97c drivers/vga.o
 .debug_macro   0x00000000       0x28 drivers/vga.o
 .debug_macro   0x00000000       0x10 drivers/vga.o
 .debug_macro   0x00000000       0x16 drivers/vga.o
 .debug_macro   0x00000000       0x10 drivers/vga.o
 .comment       0x00000000       0x1c drivers/vga.o
 .note.gnu.property
                0x00000000       0x28 drivers/vga.o
 .eh_frame      0x00000000      0x1c8 drivers/vga.o
 .group         0x00000000        0x8 drivers/keyboard.o
 .group         0x00000000        0x8 drivers/keyboard.o
 .group         0x00000000        0xc drivers/keyboard.o
 .group         0x00000000        0xc drivers/keyboard.o
 .group         0x00000000        0xc drivers/keyboard.o
 .group         0x00000000        0xc drivers/keyboard.o
 .group         0x00000000        0xc drivers/keyboard.o
 .group         0x00000000        0xc drivers/keyboard.o
 .group         0x00000000        0xc drivers/keyboard.o
 .group         0x00000000        0xc drivers/keyboard.o
 .data          0x00000000        0x0 drivers/keyboard.o
 .text.__x86.get_pc_thunk.ax
                0x00000000        0x4 drivers/keyboard.o
 .text.__x86.get_pc_thunk.bx
                0x00000000        0x4 drivers/keyboard.o
 .debug_macro   0x00000000      0x97c drivers/keyboard.o
 .debug_macro   0x00000000       0x28 drivers/keyboard.o
 .debug_macro   0x00000000       0x10 drivers/keyboard.o
 .debug_macro   0x00000000       0x22 drivers/keyboard.o
 .debug_macro   0x00000000       0x16 drivers/keyboard.o
 .debug_macro   0x00000000       0x10 drivers/keyboard.o
 .debug_macro   0x00000000       0x16 drivers/keyboard.o
 .comment       0x00000000       0x1c drivers/keyboard.o
 .note.gnu.property
                0x00000000       0x28 drivers/keyboard.o
 .eh_frame      0x00000000      0x188 drivers/keyboard.o
 .group         0x00000000        0x8 drivers/keyboard_intl.o
 .group         0x00000000        0x8 drivers/keyboard_intl.o
 .group         0x00000000        0x8 drivers/keyboard_intl.o
 .group         0x00000000        0xc drivers/keyboard_intl.o
 .group         0x00000000        0xc drivers/keyboard_intl.o
 .group         0x00000000        0xc drivers/keyboard_intl.o
 .group         0x00000000        0xc drivers/keyboard_intl.o
 .group         0x00000000        0xc drivers/keyboard_intl.o
 .group         0x00000000        0xc drivers/keyboard_intl.o
 .group         0x00000000        0xc drivers/keyboard_intl.o
 .group         0x00000000        0xc drivers/keyboard_intl.o
 .text          0x00000000      0x630 drivers/keyboard_intl.o
 .data          0x00000000        0x0 drivers/keyboard_intl.o
 .bss           0x00000000        0xb drivers/keyboard_intl.o
 .rodata        0x00000000      0x421 drivers/keyboard_intl.o
 .data.rel.ro.local
                0x00000000       0x30 drivers/keyboard_intl.o
 .text.__x86.get_pc_thunk.ax
                0x00000000        0x4 drivers/keyboard_intl.o
 .text.__x86.get_pc_thunk.dx
                0x00000000        0x4 drivers/keyboard_intl.o
 .text.__x86.get_pc_thunk.bx
                0x00000000        0x4 drivers/keyboard_intl.o
 .debug_info    0x00000000      0x5df drivers/keyboard_intl.o
 .debug_abbrev  0x00000000      0x266 drivers/keyboard_intl.o
 .debug_aranges
                0x00000000       0x20 drivers/keyboard_intl.o
 .debug_macro   0x00000000       0x92 drivers/keyboard_intl.o
 .debug_macro   0x00000000      0x97c drivers/keyboard_intl.o
 .debug_macro   0x00000000       0x28 drivers/keyboard_intl.o
 .debug_macro   0x00000000       0x10 drivers/keyboard_intl.o
 .debug_macro   0x00000000       0x16 drivers/keyboard_intl.o
 .debug_macro   0x00000000       0x16 drivers/keyboard_intl.o
 .debug_macro   0x00000000       0x16 drivers/keyboard_intl.o
 .debug_macro   0x00000000       0x22 drivers/keyboard_intl.o
 .debug_macro   0x00000000       0x16 drivers/keyboard_intl.o
 .debug_line    0x00000000      0x2e0 drivers/keyboard_intl.o
 .debug_str     0x00000000     0x3796 drivers/keyboard_intl.o
 .debug_line_str
                0x00000000      0x155 drivers/keyboard_intl.o
 .comment       0x00000000       0x1c drivers/keyboard_intl.o
 .note.GNU-stack
                0x00000000        0x0 drivers/keyboard_intl.o
 .note.gnu.property
                0x00000000       0x28 drivers/keyboard_intl.o
 .eh_frame      0x00000000      0x228 drivers/keyboard_intl.o
 .group         0x00000000        0x8 drivers/net_ne2k.o
 .group         0x00000000        0x8 drivers/net_ne2k.o
 .group         0x00000000        0xc drivers/net_ne2k.o
 .group         0x00000000        0xc drivers/net_ne2k.o
 .group         0x00000000        0xc drivers/net_ne2k.o
 .group         0x00000000        0xc drivers/net_ne2k.o
 .group         0x00000000        0xc drivers/net_ne2k.o
 .group         0x00000000        0xc drivers/net_ne2k.o
 .group         0x00000000        0xc drivers/net_ne2k.o
 .group         0x00000000        0xc drivers/net_ne2k.o
 .group         0x00000000        0xc drivers/net_ne2k.o
 .text          0x00000000      0x1f5 drivers/net_ne2k.o
 .data          0x00000000        0x0 drivers/net_ne2k.o
 .bss           0x00000000       0x28 drivers/net_ne2k.o
 .rodata        0x00000000       0xff drivers/net_ne2k.o
 .text.__x86.get_pc_thunk.ax
                0x00000000        0x4 drivers/net_ne2k.o
 .text.__x86.get_pc_thunk.bx
                0x00000000        0x4 drivers/net_ne2k.o
 .debug_info    0x00000000      0x41d drivers/net_ne2k.o
 .debug_abbrev  0x00000000      0x1b7 drivers/net_ne2k.o
 .debug_aranges
                0x00000000       0x20 drivers/net_ne2k.o
 .debug_macro   0x00000000       0x79 drivers/net_ne2k.o
 .debug_macro   0x00000000      0x97c drivers/net_ne2k.o
 .debug_macro   0x00000000       0x28 drivers/net_ne2k.o
 .debug_macro   0x00000000       0x10 drivers/net_ne2k.o
 .debug_macro   0x00000000       0x10 drivers/net_ne2k.o
 .debug_macro   0x00000000       0x22 drivers/net_ne2k.o
 .debug_macro   0x00000000       0x16 drivers/net_ne2k.o
 .debug_macro   0x00000000       0x10 drivers/net_ne2k.o
 .debug_macro   0x00000000       0x16 drivers/net_ne2k.o
 .debug_macro   0x00000000       0x16 drivers/net_ne2k.o
 .debug_line    0x00000000      0x13a drivers/net_ne2k.o
 .debug_str     0x00000000     0x3582 drivers/net_ne2k.o
 .debug_line_str
                0x00000000      0x12b drivers/net_ne2k.o
 .comment       0x00000000       0x1c drivers/net_ne2k.o
 .note.GNU-stack
                0x00000000        0x0 drivers/net_ne2k.o
 .note.gnu.property
                0x00000000       0x28 drivers/net_ne2k.o
 .eh_frame      0x00000000       0xd0 drivers/net_ne2k.o
 .group         0x00000000        0x8 drivers/serial.o
 .group         0x00000000        0x8 drivers/serial.o
 .group         0x00000000        0xc drivers/serial.o
 .group         0x00000000        0xc drivers/serial.o
 .group         0x00000000        0xc drivers/serial.o
 .group         0x00000000        0xc drivers/serial.o
 .group         0x00000000        0xc drivers/serial.o
 .group         0x00000000        0xc drivers/serial.o
 .group         0x00000000        0xc drivers/serial.o
 .group         0x00000000        0xc drivers/serial.o
 .data          0x00000000        0x0 drivers/serial.o
 .bss           0x00000000        0x0 drivers/serial.o
 .text.__x86.get_pc_thunk.ax
                0x00000000        0x4 drivers/serial.o
 .text.__x86.get_pc_thunk.bx
                0x00000000        0x4 drivers/serial.o
 .debug_macro   0x00000000      0x97c drivers/serial.o
 .debug_macro   0x00000000       0x28 drivers/serial.o
 .debug_macro   0x00000000       0x10 drivers/serial.o
 .debug_macro   0x00000000       0x22 drivers/serial.o
 .debug_macro   0x00000000       0x16 drivers/serial.o
 .debug_macro   0x00000000       0x10 drivers/serial.o
 .debug_macro   0x00000000       0x16 drivers/serial.o
 .comment       0x00000000       0x1c drivers/serial.o
 .note.gnu.property
                0x00000000       0x28 drivers/serial.o
 .eh_frame      0x00000000      0x204 drivers/serial.o
 .group         0x00000000        0x8 drivers/timer.o
 .group         0x00000000        0x8 drivers/timer.o
 .group         0x00000000        0xc drivers/timer.o
 .group         0x00000000        0xc drivers/timer.o
 .group         0x00000000        0xc drivers/timer.o
 .group         0x00000000        0xc drivers/timer.o
 .text          0x00000000      0x173 drivers/timer.o
 .data          0x00000000        0x0 drivers/timer.o
 .bss           0x00000000        0x4 drivers/timer.o
 .text.__x86.get_pc_thunk.ax
                0x00000000        0x4 drivers/timer.o
 .text.__x86.get_pc_thunk.bx
                0x00000000        0x4 drivers/timer.o
 .debug_info    0x00000000      0x295 drivers/timer.o
 .debug_abbrev  0x00000000      0x18e drivers/timer.o
 .debug_aranges
                0x00000000       0x20 drivers/timer.o
 .debug_macro   0x00000000       0x6c drivers/timer.o
 .debug_macro   0x00000000      0x97c drivers/timer.o
 .debug_macro   0x00000000       0x28 drivers/timer.o
 .debug_macro   0x00000000       0x10 drivers/timer.o
 .debug_macro   0x00000000       0x16 drivers/timer.o
 .debug_line    0x00000000       0xe6 drivers/timer.o
 .debug_str     0x00000000     0x318b drivers/timer.o
 .debug_line_str
                0x00000000       0xf2 drivers/timer.o
 .comment       0x00000000       0x1c drivers/timer.o
 .note.GNU-stack
                0x00000000        0x0 drivers/timer.o
 .note.gnu.property
                0x00000000       0x28 drivers/timer.o
 .eh_frame      0x00000000       0xe8 drivers/timer.o
 .group         0x00000000        0x8 fs/filesystem_enhanced.o
 .group         0x00000000        0x8 fs/filesystem_enhanced.o
 .group         0x00000000        0xc fs/filesystem_enhanced.o
 .group         0x00000000        0xc fs/filesystem_enhanced.o
 .group         0x00000000        0xc fs/filesystem_enhanced.o
 .group         0x00000000        0xc fs/filesystem_enhanced.o
 .group         0x00000000        0xc fs/filesystem_enhanced.o
 .data          0x00000000        0x0 fs/filesystem_enhanced.o
 .text.__x86.get_pc_thunk.ax
                0x00000000        0x4 fs/filesystem_enhanced.o
 .text.__x86.get_pc_thunk.bx
                0x00000000        0x4 fs/filesystem_enhanced.o
 .debug_macro   0x00000000      0x97c fs/filesystem_enhanced.o
 .debug_macro   0x00000000       0x28 fs/filesystem_enhanced.o
 .debug_macro   0x00000000       0x10 fs/filesystem_enhanced.o
 .debug_macro   0x00000000       0x16 fs/filesystem_enhanced.o
 .comment       0x00000000       0x1c fs/filesystem_enhanced.o
 .note.gnu.property
                0x00000000       0x28 fs/filesystem_enhanced.o
 .eh_frame      0x00000000      0x214 fs/filesystem_enhanced.o
 .group         0x00000000        0x8 kernel/context.o
 .group         0x00000000        0x8 kernel/context.o
 .group         0x00000000        0xc kernel/context.o
 .group         0x00000000        0xc kernel/context.o
 .group         0x00000000        0xc kernel/context.o
 .group         0x00000000        0xc kernel/context.o
 .group         0x00000000        0xc kernel/context.o
 .data          0x00000000        0x0 kernel/context.o
 .text.__x86.get_pc_thunk.ax
                0x00000000        0x4 kernel/context.o
 .text.__x86.get_pc_thunk.bx
                0x00000000        0x4 kernel/context.o
 .debug_macro   0x00000000      0x97c kernel/context.o
 .debug_macro   0x00000000       0x28 kernel/context.o
 .debug_macro   0x00000000       0x10 kernel/context.o
 .debug_macro   0x00000000       0x16 kernel/context.o
 .comment       0x00000000       0x1c kernel/context.o
 .note.gnu.property
                0x00000000       0x28 kernel/context.o
 .eh_frame      0x00000000       0xa8 kernel/context.o
 .group         0x00000000        0x8 kernel/device.o
 .group         0x00000000        0x8 kernel/device.o
 .group         0x00000000        0xc kernel/device.o
 .group         0x00000000        0xc kernel/device.o
 .group         0x00000000        0xc kernel/device.o
 .group         0x00000000        0xc kernel/device.o
 .group         0x00000000        0xc kernel/device.o
 .group         0x00000000        0xc kernel/device.o
 .group         0x00000000        0xc kernel/device.o
 .data          0x00000000        0x0 kernel/device.o
 .text.__x86.get_pc_thunk.ax
                0x00000000        0x4 kernel/device.o
 .text.__x86.get_pc_thunk.bx
                0x00000000        0x4 kernel/device.o
 .debug_macro   0x00000000      0x97c kernel/device.o
 .debug_macro   0x00000000       0x28 kernel/device.o
 .debug_macro   0x00000000       0x10 kernel/device.o
 .debug_macro   0x00000000       0x64 kernel/device.o
 .debug_macro   0x00000000       0xe8 kernel/device.o
 .debug_macro   0x00000000       0x16 kernel/device.o
 .comment       0x00000000       0x1c kernel/device.o
 .note.gnu.property
                0x00000000       0x28 kernel/device.o
 .eh_frame      0x00000000      0x18c kernel/device.o
 .group         0x00000000        0x8 kernel/idt.o
 .group         0x00000000        0x8 kernel/idt.o
 .group         0x00000000        0xc kernel/idt.o
 .group         0x00000000        0xc kernel/idt.o
 .group         0x00000000        0xc kernel/idt.o
 .group         0x00000000        0xc kernel/idt.o
 .data          0x00000000        0x0 kernel/idt.o
 .text.__x86.get_pc_thunk.ax
                0x00000000        0x4 kernel/idt.o
 .text.__x86.get_pc_thunk.bx
                0x00000000        0x4 kernel/idt.o
 .debug_macro   0x00000000      0x97c kernel/idt.o
 .debug_macro   0x00000000       0x28 kernel/idt.o
 .debug_macro   0x00000000       0x16 kernel/idt.o
 .debug_macro   0x00000000       0x10 kernel/idt.o
 .comment       0x00000000       0x1c kernel/idt.o
 .note.gnu.property
                0x00000000       0x28 kernel/idt.o
 .eh_frame      0x00000000      0x170 kernel/idt.o
 .data          0x00000000        0x0 kernel/interrupts.o
 .bss           0x00000000        0x0 kernel/interrupts.o
 .note.gnu.property
                0x00000000       0x28 kernel/interrupts.o
 .group         0x00000000        0x8 kernel/log.o
 .group         0x00000000        0x8 kernel/log.o
 .group         0x00000000        0xc kernel/log.o
 .group         0x00000000        0xc kernel/log.o
 .group         0x00000000        0xc kernel/log.o
 .group         0x00000000        0xc kernel/log.o
 .group         0x00000000        0xc kernel/log.o
 .group         0x00000000        0xc kernel/log.o
 .group         0x00000000        0xc kernel/log.o
 .data          0x00000000        0x0 kernel/log.o
 .text.__x86.get_pc_thunk.ax
                0x00000000        0x4 kernel/log.o
 .text.__x86.get_pc_thunk.bx
                0x00000000        0x4 kernel/log.o
 .debug_macro   0x00000000      0x97c kernel/log.o
 .debug_macro   0x00000000       0x28 kernel/log.o
 .debug_macro   0x00000000       0x10 kernel/log.o
 .debug_macro   0x00000000       0x22 kernel/log.o
 .debug_macro   0x00000000       0x16 kernel/log.o
 .debug_macro   0x00000000       0x10 kernel/log.o
 .debug_macro   0x00000000       0x16 kernel/log.o
 .comment       0x00000000       0x1c kernel/log.o
 .note.gnu.property
                0x00000000       0x28 kernel/log.o
 .eh_frame      0x00000000      0x1b0 kernel/log.o
 .group         0x00000000        0x8 kernel/memory.o
 .group         0x00000000        0x8 kernel/memory.o
 .group         0x00000000        0xc kernel/memory.o
 .group         0x00000000        0xc kernel/memory.o
 .group         0x00000000        0xc kernel/memory.o
 .group         0x00000000        0xc kernel/memory.o
 .group         0x00000000        0xc kernel/memory.o
 .text.__x86.get_pc_thunk.ax
                0x00000000        0x4 kernel/memory.o
 .text.__x86.get_pc_thunk.bx
                0x00000000        0x4 kernel/memory.o
 .debug_macro   0x00000000      0x97c kernel/memory.o
 .debug_macro   0x00000000       0x28 kernel/memory.o
 .debug_macro   0x00000000       0x10 kernel/memory.o
 .debug_macro   0x00000000       0x16 kernel/memory.o
 .comment       0x00000000       0x1c kernel/memory.o
 .note.gnu.property
                0x00000000       0x28 kernel/memory.o
 .eh_frame      0x00000000      0x260 kernel/memory.o
 .group         0x00000000        0x8 kernel/monitor.o
 .group         0x00000000        0x8 kernel/monitor.o
 .group         0x00000000        0x8 kernel/monitor.o
 .group         0x00000000        0xc kernel/monitor.o
 .group         0x00000000        0xc kernel/monitor.o
 .group         0x00000000        0xc kernel/monitor.o
 .group         0x00000000        0xc kernel/monitor.o
 .group         0x00000000        0xc kernel/monitor.o
 .group         0x00000000        0xc kernel/monitor.o
 .group         0x00000000        0xc kernel/monitor.o
 .data          0x00000000        0x0 kernel/monitor.o
 .text.__x86.get_pc_thunk.ax
                0x00000000        0x4 kernel/monitor.o
 .text.__x86.get_pc_thunk.bx
                0x00000000        0x4 kernel/monitor.o
 .debug_macro   0x00000000      0x97c kernel/monitor.o
 .debug_macro   0x00000000       0x28 kernel/monitor.o
 .debug_macro   0x00000000       0x10 kernel/monitor.o
 .debug_macro   0x00000000       0xe8 kernel/monitor.o
 .debug_macro   0x00000000       0x16 kernel/monitor.o
 .debug_macro   0x00000000       0x64 kernel/monitor.o
 .comment       0x00000000       0x1c kernel/monitor.o
 .note.gnu.property
                0x00000000       0x28 kernel/monitor.o
 .eh_frame      0x00000000      0x228 kernel/monitor.o
 .group         0x00000000        0x8 kernel/net_core.o
 .group         0x00000000        0x8 kernel/net_core.o
 .group         0x00000000        0xc kernel/net_core.o
 .group         0x00000000        0xc kernel/net_core.o
 .group         0x00000000        0xc kernel/net_core.o
 .group         0x00000000        0xc kernel/net_core.o
 .group         0x00000000        0xc kernel/net_core.o
 .group         0x00000000        0xc kernel/net_core.o
 .group         0x00000000        0xc kernel/net_core.o
 .text          0x00000000      0x221 kernel/net_core.o
 .data          0x00000000        0x0 kernel/net_core.o
 .bss           0x00000000       0x34 kernel/net_core.o
 .rodata        0x00000000       0x78 kernel/net_core.o
 .text.__x86.get_pc_thunk.ax
                0x00000000        0x4 kernel/net_core.o
 .text.__x86.get_pc_thunk.bx
                0x00000000        0x4 kernel/net_core.o
 .debug_info    0x00000000      0x42c kernel/net_core.o
 .debug_abbrev  0x00000000      0x1f0 kernel/net_core.o
 .debug_aranges
                0x00000000       0x20 kernel/net_core.o
 .debug_macro   0x00000000       0x63 kernel/net_core.o
 .debug_macro   0x00000000      0x97c kernel/net_core.o
 .debug_macro   0x00000000       0x28 kernel/net_core.o
 .debug_macro   0x00000000       0x10 kernel/net_core.o
 .debug_macro   0x00000000       0x22 kernel/net_core.o
 .debug_macro   0x00000000       0x16 kernel/net_core.o
 .debug_macro   0x00000000       0x10 kernel/net_core.o
 .debug_macro   0x00000000       0x16 kernel/net_core.o
 .debug_line    0x00000000      0x147 kernel/net_core.o
 .debug_str     0x00000000     0x353b kernel/net_core.o
 .debug_line_str
                0x00000000       0xf5 kernel/net_core.o
 .comment       0x00000000       0x1c kernel/net_core.o
 .note.GNU-stack
                0x00000000        0x0 kernel/net_core.o
 .note.gnu.property
                0x00000000       0x28 kernel/net_core.o
 .eh_frame      0x00000000      0x12c kernel/net_core.o
 .group         0x00000000        0x8 kernel/network.o
 .group         0x00000000        0x8 kernel/network.o
 .group         0x00000000        0xc kernel/network.o
 .group         0x00000000        0xc kernel/network.o
 .group         0x00000000        0xc kernel/network.o
 .group         0x00000000        0xc kernel/network.o
 .group         0x00000000        0xc kernel/network.o
 .group         0x00000000        0xc kernel/network.o
 .data          0x00000000        0x0 kernel/network.o
 .text.__x86.get_pc_thunk.ax
                0x00000000        0x4 kernel/network.o
 .text.__x86.get_pc_thunk.bx
                0x00000000        0x4 kernel/network.o
 .debug_macro   0x00000000      0x97c kernel/network.o
 .debug_macro   0x00000000       0x28 kernel/network.o
 .debug_macro   0x00000000       0x10 kernel/network.o
 .debug_macro   0x00000000       0xe8 kernel/network.o
 .debug_macro   0x00000000       0x16 kernel/network.o
 .comment       0x00000000       0x1c kernel/network.o
 .note.gnu.property
                0x00000000       0x28 kernel/network.o
 .eh_frame      0x00000000       0xec kernel/network.o
 .group         0x00000000        0x8 kernel/pci.o
 .group         0x00000000        0x8 kernel/pci.o
 .group         0x00000000        0xc kernel/pci.o
 .group         0x00000000        0xc kernel/pci.o
 .group         0x00000000        0xc kernel/pci.o
 .group         0x00000000        0xc kernel/pci.o
 .group         0x00000000        0xc kernel/pci.o
 .group         0x00000000        0xc kernel/pci.o
 .group         0x00000000        0xc kernel/pci.o
 .group         0x00000000        0xc kernel/pci.o
 .text          0x00000000      0x362 kernel/pci.o
 .data          0x00000000        0x0 kernel/pci.o
 .bss           0x00000000        0x0 kernel/pci.o
 .rodata        0x00000000       0xb1 kernel/pci.o
 .text.__x86.get_pc_thunk.ax
                0x00000000        0x4 kernel/pci.o
 .text.__x86.get_pc_thunk.bx
                0x00000000        0x4 kernel/pci.o
 .debug_info    0x00000000      0x46e kernel/pci.o
 .debug_abbrev  0x00000000      0x1ab kernel/pci.o
 .debug_aranges
                0x00000000       0x20 kernel/pci.o
 .debug_macro   0x00000000       0x6c kernel/pci.o
 .debug_macro   0x00000000      0x97c kernel/pci.o
 .debug_macro   0x00000000       0x28 kernel/pci.o
 .debug_macro   0x00000000       0x10 kernel/pci.o
 .debug_macro   0x00000000       0x10 kernel/pci.o
 .debug_macro   0x00000000       0x22 kernel/pci.o
 .debug_macro   0x00000000       0x16 kernel/pci.o
 .debug_macro   0x00000000       0x10 kernel/pci.o
 .debug_macro   0x00000000       0x16 kernel/pci.o
 .debug_line    0x00000000      0x189 kernel/pci.o
 .debug_str     0x00000000     0x34f3 kernel/pci.o
 .debug_line_str
                0x00000000       0xeb kernel/pci.o
 .comment       0x00000000       0x1c kernel/pci.o
 .note.GNU-stack
                0x00000000        0x0 kernel/pci.o
 .note.gnu.property
                0x00000000       0x28 kernel/pci.o
 .eh_frame      0x00000000      0x134 kernel/pci.o
 .group         0x00000000        0x8 kernel/process.o
 .group         0x00000000        0x8 kernel/process.o
 .group         0x00000000        0x8 kernel/process.o
 .group         0x00000000        0xc kernel/process.o
 .group         0x00000000        0xc kernel/process.o
 .group         0x00000000        0xc kernel/process.o
 .group         0x00000000        0xc kernel/process.o
 .group         0x00000000        0xc kernel/process.o
 .text.__x86.get_pc_thunk.ax
                0x00000000        0x4 kernel/process.o
 .text.__x86.get_pc_thunk.cx
                0x00000000        0x4 kernel/process.o
 .text.__x86.get_pc_thunk.bx
                0x00000000        0x4 kernel/process.o
 .debug_macro   0x00000000      0x97c kernel/process.o
 .debug_macro   0x00000000       0x28 kernel/process.o
 .debug_macro   0x00000000       0x10 kernel/process.o
 .debug_macro   0x00000000       0x16 kernel/process.o
 .debug_macro   0x00000000       0x16 kernel/process.o
 .comment       0x00000000       0x1c kernel/process.o
 .note.gnu.property
                0x00000000       0x28 kernel/process.o
 .eh_frame      0x00000000      0x2d4 kernel/process.o
 .group         0x00000000        0x8 kernel/program_loader.o
 .group         0x00000000        0x8 kernel/program_loader.o
 .group         0x00000000        0xc kernel/program_loader.o
 .group         0x00000000        0xc kernel/program_loader.o
 .group         0x00000000        0xc kernel/program_loader.o
 .group         0x00000000        0xc kernel/program_loader.o
 .group         0x00000000        0xc kernel/program_loader.o
 .group         0x00000000        0xc kernel/program_loader.o
 .group         0x00000000        0xc kernel/program_loader.o
 .group         0x00000000        0xc kernel/program_loader.o
 .group         0x00000000        0xc kernel/program_loader.o
 .group         0x00000000        0xc kernel/program_loader.o
 .group         0x00000000        0xc kernel/program_loader.o
 .data          0x00000000        0x0 kernel/program_loader.o
 .text.__x86.get_pc_thunk.ax
                0x00000000        0x4 kernel/program_loader.o
 .text.__x86.get_pc_thunk.bx
                0x00000000        0x4 kernel/program_loader.o
 .debug_macro   0x00000000      0x97c kernel/program_loader.o
 .debug_macro   0x00000000       0x28 kernel/program_loader.o
 .debug_macro   0x00000000       0x10 kernel/program_loader.o
 .debug_macro   0x00000000       0x76 kernel/program_loader.o
 .debug_macro   0x00000000       0x64 kernel/program_loader.o
 .debug_macro   0x00000000       0x22 kernel/program_loader.o
 .debug_macro   0x00000000       0x16 kernel/program_loader.o
 .debug_macro   0x00000000       0x10 kernel/program_loader.o
 .debug_macro   0x00000000       0x16 kernel/program_loader.o
 .comment       0x00000000       0x1c kernel/program_loader.o
 .note.gnu.property
                0x00000000       0x28 kernel/program_loader.o
 .eh_frame      0x00000000      0x158 kernel/program_loader.o
 .group         0x00000000        0x8 kernel/security.o
 .group         0x00000000        0x8 kernel/security.o
 .group         0x00000000        0xc kernel/security.o
 .group         0x00000000        0xc kernel/security.o
 .group         0x00000000        0xc kernel/security.o
 .group         0x00000000        0xc kernel/security.o
 .group         0x00000000        0xc kernel/security.o
 .group         0x00000000        0xc kernel/security.o
 .data          0x00000000        0x0 kernel/security.o
 .text.__x86.get_pc_thunk.ax
                0x00000000        0x4 kernel/security.o
 .text.__x86.get_pc_thunk.bx
                0x00000000        0x4 kernel/security.o
 .debug_macro   0x00000000      0x97c kernel/security.o
 .debug_macro   0x00000000       0x28 kernel/security.o
 .debug_macro   0x00000000       0x10 kernel/security.o
 .debug_macro   0x00000000       0xe8 kernel/security.o
 .debug_macro   0x00000000       0x16 kernel/security.o
 .comment       0x00000000       0x1c kernel/security.o
 .note.gnu.property
                0x00000000       0x28 kernel/security.o
 .eh_frame      0x00000000      0x1e0 kernel/security.o
 .group         0x00000000        0x8 kernel/shell.o
 .group         0x00000000        0x8 kernel/shell.o
 .group         0x00000000        0xc kernel/shell.o
 .group         0x00000000        0xc kernel/shell.o
 .group         0x00000000        0xc kernel/shell.o
 .group         0x00000000        0xc kernel/shell.o
 .group         0x00000000        0xc kernel/shell.o
 .group         0x00000000        0xc kernel/shell.o
 .group         0x00000000        0xc kernel/shell.o
 .data          0x00000000        0x0 kernel/shell.o
 .text.__x86.get_pc_thunk.ax
                0x00000000        0x4 kernel/shell.o
 .text.__x86.get_pc_thunk.bx
                0x00000000        0x4 kernel/shell.o
 .debug_macro   0x00000000      0x97c kernel/shell.o
 .debug_macro   0x00000000       0x28 kernel/shell.o
 .debug_macro   0x00000000       0x16 kernel/shell.o
 .debug_macro   0x00000000       0x10 kernel/shell.o
 .debug_macro   0x00000000       0x22 kernel/shell.o
 .debug_macro   0x00000000       0x16 kernel/shell.o
 .comment       0x00000000       0x1c kernel/shell.o
 .note.gnu.property
                0x00000000       0x28 kernel/shell.o
 .eh_frame      0x00000000      0x12c kernel/shell.o
 .group         0x00000000        0x8 kernel/string.o
 .group         0x00000000        0x8 kernel/string.o
 .group         0x00000000        0xc kernel/string.o
 .group         0x00000000        0xc kernel/string.o
 .group         0x00000000        0xc kernel/string.o
 .group         0x00000000        0xc kernel/string.o
 .data          0x00000000        0x0 kernel/string.o
 .bss           0x00000000        0x0 kernel/string.o
 .text.__x86.get_pc_thunk.ax
                0x00000000        0x4 kernel/string.o
 .text.__x86.get_pc_thunk.cx
                0x00000000        0x4 kernel/string.o
 .debug_macro   0x00000000      0x97c kernel/string.o
 .debug_macro   0x00000000       0x28 kernel/string.o
 .debug_macro   0x00000000       0x16 kernel/string.o
 .debug_macro   0x00000000       0x10 kernel/string.o
 .comment       0x00000000       0x1c kernel/string.o
 .note.gnu.property
                0x00000000       0x28 kernel/string.o
 .eh_frame      0x00000000      0x284 kernel/string.o
 .group         0x00000000        0x8 kernel/syscall.o
 .group         0x00000000        0x8 kernel/syscall.o
 .group         0x00000000        0xc kernel/syscall.o
 .group         0x00000000        0xc kernel/syscall.o
 .group         0x00000000        0xc kernel/syscall.o
 .group         0x00000000        0xc kernel/syscall.o
 .group         0x00000000        0xc kernel/syscall.o
 .group         0x00000000        0xc kernel/syscall.o
 .group         0x00000000        0xc kernel/syscall.o
 .group         0x00000000        0xc kernel/syscall.o
 .group         0x00000000        0xc kernel/syscall.o
 .group         0x00000000        0xc kernel/syscall.o
 .group         0x00000000        0xc kernel/syscall.o
 .group         0x00000000        0xc kernel/syscall.o
 .data          0x00000000        0x0 kernel/syscall.o
 .bss           0x00000000        0x0 kernel/syscall.o
 .text.__x86.get_pc_thunk.ax
                0x00000000        0x4 kernel/syscall.o
 .text.__x86.get_pc_thunk.bx
                0x00000000        0x4 kernel/syscall.o
 .debug_macro   0x00000000      0x97c kernel/syscall.o
 .debug_macro   0x00000000       0x28 kernel/syscall.o
 .debug_macro   0x00000000       0x10 kernel/syscall.o
 .debug_macro   0x00000000       0x16 kernel/syscall.o
 .debug_macro   0x00000000       0x16 kernel/syscall.o
 .debug_macro   0x00000000       0x76 kernel/syscall.o
 .debug_macro   0x00000000       0x5e kernel/syscall.o
 .comment       0x00000000       0x1c kernel/syscall.o
 .note.gnu.property
                0x00000000       0x28 kernel/syscall.o
 .eh_frame      0x00000000      0x998 kernel/syscall.o
 .group         0x00000000        0x8 kernel/usermode.o
 .group         0x00000000        0x8 kernel/usermode.o
 .group         0x00000000        0xc kernel/usermode.o
 .group         0x00000000        0xc kernel/usermode.o
 .group         0x00000000        0xc kernel/usermode.o
 .group         0x00000000        0xc kernel/usermode.o
 .group         0x00000000        0xc kernel/usermode.o
 .group         0x00000000        0xc kernel/usermode.o
 .group         0x00000000        0xc kernel/usermode.o
 .text          0x00000000      0x18f kernel/usermode.o
 .data          0x00000000        0x0 kernel/usermode.o
 .bss           0x00000000       0x68 kernel/usermode.o
 .text.__x86.get_pc_thunk.ax
                0x00000000        0x4 kernel/usermode.o
 .text.__x86.get_pc_thunk.bx
                0x00000000        0x4 kernel/usermode.o
 .debug_info    0x00000000      0x4f5 kernel/usermode.o
 .debug_abbrev  0x00000000      0x1d6 kernel/usermode.o
 .debug_aranges
                0x00000000       0x20 kernel/usermode.o
 .debug_macro   0x00000000       0x7b kernel/usermode.o
 .debug_macro   0x00000000      0x97c kernel/usermode.o
 .debug_macro   0x00000000       0x28 kernel/usermode.o
 .debug_macro   0x00000000       0x10 kernel/usermode.o
 .debug_macro   0x00000000       0x28 kernel/usermode.o
 .debug_macro   0x00000000       0x64 kernel/usermode.o
 .debug_macro   0x00000000       0x16 kernel/usermode.o
 .debug_macro   0x00000000       0x16 kernel/usermode.o
 .debug_line    0x00000000      0x110 kernel/usermode.o
 .debug_str     0x00000000     0x33fd kernel/usermode.o
 .debug_line_str
                0x00000000      0x105 kernel/usermode.o
 .comment       0x00000000       0x1c kernel/usermode.o
 .note.GNU-stack
                0x00000000        0x0 kernel/usermode.o
 .note.gnu.property
                0x00000000       0x28 kernel/usermode.o
 .eh_frame      0x00000000       0xec kernel/usermode.o

Memory Configuration

Name             Origin             Length             Attributes
*default*        0x00000000         0xffffffff

Linker script and memory map

                0x00001000                        . = 0x1000

.text           0x00001000     0x6987
 *(.text)
 .text          0x00001000       0x1e kernel/entry.o
                0x00001000                _start
 .text          0x0000101e      0x2b0 kernel/kmain.o
                0x0000101e                kmain
                0x000012aa                vfs_init
                0x000012ba                ramfs_mount
 .text          0x000012ce      0x426 drivers/vga.o
                0x000013ce                vga_init
                0x000013f5                vga_clear
                0x00001466                vga_set_color
                0x0000147f                vga_putchar
                0x0000156a                vga_print
                0x000015a5                vga_print_at
                0x00001601                vga_scroll
                0x000016b5                vga_set_cursor
 .text          0x000016f4      0x532 drivers/keyboard.o
                0x0000175c                keyboard_init
                0x0000183b                keyboard_available
                0x000018ce                keyboard_handler
                0x00001b2d                keyboard_getchar
                0x00001b8b                keyboard_is_pressed
                0x00001bb0                keyboard_get_status
 .text          0x00001c26      0x4fc drivers/serial.o
                0x00001c76                serial_init
                0x00001cf9                serial_is_transmit_empty
                0x00001d2b                serial_putchar
                0x00001d8a                serial_write
                0x00001dfb                serial_is_data_ready
                0x00001e2d                serial_getchar
                0x00001e65                serial_debug
                0x00001ea8                serial_info
                0x00001eeb                serial_error
                0x00001f2e                serial_hex
                0x00001fd7                serial_decimal
                0x000020a8                serial_panic
 .text          0x00002122      0x7b8 fs/filesystem_enhanced.o
                0x00002122                fs_init
                0x00002219                alloc_block
                0x000022de                free_block
                0x00002344                find_file
                0x000023bb                fs_create
                0x000024bf                fs_delete
                0x000025c5                fs_open
                0x00002656                fs_close
                0x0000266a                fs_read
                0x000026fe                fs_write
                0x00002802                fs_seek
                0x00002858                fs_list
                0x000028a1                get_file_size
 .text          0x000028da      0x141 kernel/context.o
                0x000028da                context_switch
                0x0000292e                context_init
                0x00002975                switch_to_process
                0x000029e0                setup_process_context
 .text          0x00002a1b      0x391 kernel/device.o
                0x00002a1b                device_init
                0x00002a35                device_register
                0x00002ac4                device_unregister
                0x00002b53                device_find
                0x00002ba4                device_find_by_number
                0x00002bf0                device_open
                0x00002c40                device_close
                0x00002c92                device_read
                0x00002cf0                device_write
                0x00002d4e                device_ioctl
 .text          0x00002dac      0x48b kernel/idt.o
                0x00002dfc                idt_set_gate
                0x00002e74                pic_remap
                0x00002f11                fault_handler
                0x00002f23                irq_handler
                0x00002f8a                register_interrupt_handler
                0x00002fb1                enable_irq
                0x0000301d                idt_init
 *fill*         0x00003237        0x1 
 .text          0x00003238      0x1da kernel/interrupts.o
                0x00003288                isr0
                0x0000328e                isr1
                0x00003294                isr2
                0x0000329a                isr3
                0x000032a0                isr4
                0x000032a6                isr5
                0x000032ac                isr6
                0x000032b2                isr7
                0x000032b8                isr8
                0x000032bf                isr9
                0x000032c8                isr10
                0x000032cf                isr11
                0x000032d6                isr12
                0x000032dd                isr13
                0x000032e4                isr14
                0x000032eb                isr15
                0x000032f4                isr16
                0x000032fd                isr17
                0x00003304                isr18
                0x0000330d                isr19
                0x00003316                isr20
                0x0000331f                isr21
                0x00003328                isr22
                0x00003331                isr23
                0x0000333a                isr24
                0x00003343                isr25
                0x0000334c                isr26
                0x00003355                isr27
                0x0000335e                isr28
                0x00003367                isr29
                0x00003370                isr30
                0x00003379                isr31
                0x00003382                irq0
                0x0000338b                irq1
                0x00003394                irq2
                0x0000339d                irq3
                0x000033a6                irq4
                0x000033af                irq5
                0x000033b8                irq6
                0x000033c1                irq7
                0x000033ca                irq8
                0x000033d3                irq9
                0x000033dc                irq10
                0x000033e5                irq11
                0x000033ee                irq12
                0x000033f7                irq13
                0x00003400                irq14
                0x00003409                irq15
 .text          0x00003412      0x7ec kernel/log.o
                0x00003412                log_init
                0x00003446                log_set_level
                0x00003a23                log_printf
                0x00003a73                log_debug
                0x00003ac2                log_info
                0x00003b11                log_warn
                0x00003b60                log_error
                0x00003baf                log_critical
 .text          0x00003bfe      0x4ff kernel/memory.o
                0x00003bfe                memory_init
                0x00003c7c                paging_init
                0x00003d14                enable_paging
                0x00003d43                alloc_page
                0x00003dd7                free_page
                0x00003e3b                map_page
                0x00003e8e                unmap_page
                0x00003edd                get_phys_addr
                0x00003f3e                flush_tlb
                0x00003f54                heap_init
                0x00003f6e                kmalloc
                0x00003fc7                kfree
                0x00003fd7                memory_stats
                0x00004022                heap_stats
                0x00004052                kmalloc_aligned
                0x000040b2                kcalloc
 .text          0x000040fd      0x9db kernel/monitor.o
                0x000040fd                monitor_init
                0x000041b3                monitor_log
                0x000042b8                monitor_log_printf
                0x000042ef                monitor_get_log_entry
                0x00004365                monitor_get_system_stats
                0x000043aa                monitor_get_performance_metrics
                0x000043ef                monitor_update_stats
                0x0000456a                monitor_dump_logs
                0x000046b8                monitor_dump_stats
                0x000048b1                monitor_start_timer
                0x0000498a                monitor_end_timer
                0x00004a66                monitor_get_timer_value
 .text          0x00004ad8      0x293 kernel/network.o
                0x00004ad8                network_init
                0x00004b8c                network_send_packet
                0x00004c88                network_receive_packet
                0x00004d17                network_set_ip
                0x00004d34                network_set_mac
 .text          0x00004d6b      0x76c kernel/process.o
                0x00004e31                test_process_1
                0x00004e40                test_process_2
                0x00004e4f                user_process_1
                0x00004e5e                user_process_2
                0x00004e6d                memory_test_process
                0x00004e7c                user_program_main
                0x00004e8b                network_test_sender
                0x00004e9a                network_test_receiver
                0x00004ea9                device_test_process
                0x00004eb8                security_test_process
                0x00004ec7                monitor_test_process
                0x00004ed6                power_test_process
                0x00004ee5                __stack_chk_fail_local
                0x00004ef4                process_init
                0x00004f6a                process_create
                0x00005031                process_exit
                0x00005060                process_get
                0x00005093                process_print_list
                0x00005304                schedule
                0x000054c2                process_get_current
 .text          0x000054d7      0x766 kernel/program_loader.o
                0x000054d7                program_loader_init
                0x00005510                program_validate_elf
                0x000055fa                program_alloc_memory
                0x00005672                program_free_memory
                0x000056b0                program_load
                0x00005abd                program_execute
                0x00005b32                program_execute_from_info
                0x00005c12                program_cleanup
 .text          0x00005c3d      0x881 kernel/security.o
                0x00005c3d                security_init
                0x00005d2b                security_set_context
                0x00005d90                security_get_context
                0x00005dd1                security_check_permission
                0x00005dfa                security_check_file_access
                0x00005ee9                security_check_device_access
                0x00005f21                security_set_permission
                0x00006088                security_get_permission
                0x00006142                security_create_user
                0x0000627b                security_delete_user
                0x000062fe                security_set_user_password
                0x000063d0                security_authenticate_user
 .text          0x000064be      0x4da kernel/shell.o
                0x000065b5                shell_init
                0x0000669e                shell_execute_command
                0x000067a5                shell_run
 .text          0x00006998      0x475 kernel/string.o
                0x00006998                outb
                0x000069c1                inb
                0x000069e8                outw
                0x00006a13                inw
                0x00006a3c                outl
                0x00006a5e                inl
                0x00006a84                memset
                0x00006abc                strcpy
                0x00006af6                strcmp
                0x00006b3f                strcat
                0x00006b89                memcpy
                0x00006bd0                strncpy
                0x00006c17                strncmp
                0x00006c7a                strlen
                0x00006cab                itoa
                0x00006d77                memcmp
                0x00006deb                enable_interrupts
                0x00006dfc                disable_interrupts
 .text          0x00006e0d      0xb6a kernel/syscall.o
                0x00007239                syscall_interrupt_handler
                0x000072b4                syscall_init
                0x000072e4                syscall
                0x0000730e                sys_exit
                0x0000733a                sys_write
                0x000073a3                sys_read
                0x0000742a                sys_fork
                0x00007441                sys_wait
                0x00007455                sys_exec
                0x00007469                sys_getpid
                0x0000749b                sys_yield
                0x000074bd                sys_open
                0x000074f6                sys_close
                0x00007532                sys_seek
                0x0000756b                sys_stat
                0x00007597                sys_ipc_send
                0x000075bb                sys_ipc_receive
                0x000075cf                sys_vm_alloc
                0x000075e3                sys_vm_free
                0x000075f7                sys_vm_map
                0x0000760b                sys_power_state
                0x0000761f                sys_get_battery_info
                0x00007633                sys_get_power_stats
                0x00007647                sys_network_send
                0x00007684                sys_network_receive
                0x000076aa                sys_device_open
                0x000076d0                sys_device_close
                0x000076f6                sys_device_read
                0x00007722                sys_device_write
                0x0000774e                sys_device_ioctl
                0x0000777a                sys_getuid
                0x000077cc                sys_getgid
                0x0000781e                sys_setuid
                0x00007849                sys_setgid
                0x00007874                sys_chmod
                0x000078a7                sys_chown
                0x000078d2                sys_log
                0x0000790a                sys_get_stats
                0x00007955                sys_dump_logs
 *(.text.*)
 .text.__x86.get_pc_thunk.ax
                0x00007977        0x4 kernel/kmain.o
                0x00007977                __x86.get_pc_thunk.ax
 .text.__x86.get_pc_thunk.bx
                0x0000797b        0x4 kernel/kmain.o
                0x0000797b                __x86.get_pc_thunk.bx
 .text.__x86.get_pc_thunk.dx
                0x0000797f        0x4 drivers/vga.o
                0x0000797f                __x86.get_pc_thunk.dx
 .text.__x86.get_pc_thunk.cx
                0x00007983        0x4 kernel/monitor.o
                0x00007983                __x86.get_pc_thunk.cx

.iplt           0x00007987        0x0
 .iplt          0x00007987        0x0 kernel/entry.o

.rodata         0x000079a0      0xac8
 *(.rodata .rodata.*)
 .rodata        0x000079a0      0x317 kernel/kmain.o
 *fill*         0x00007cb7        0x9 
 .rodata        0x00007cc0       0x9a drivers/keyboard.o
 *fill*         0x00007d5a        0x6 
 .rodata        0x00007d60       0x70 drivers/serial.o
 .rodata        0x00007dd0       0x64 fs/filesystem_enhanced.o
 .rodata        0x00007e34       0x75 kernel/log.o
 *fill*         0x00007ea9        0x7 
 .rodata        0x00007eb0      0x160 kernel/monitor.o
 .rodata        0x00008010       0x9b kernel/process.o
 *fill*         0x000080ab        0x1 
 .rodata        0x000080ac      0x23d kernel/program_loader.o
 .rodata        0x000082e9       0x15 kernel/security.o
 *fill*         0x000082fe        0x2 
 .rodata        0x00008300      0x11d kernel/shell.o
 *fill*         0x0000841d        0x3 
 .rodata        0x00008420       0x48 kernel/string.o

.rel.dyn        0x00008468        0x0
 .rel.got       0x00008468        0x0 kernel/entry.o
 .rel.iplt      0x00008468        0x0 kernel/entry.o

.data           0x00008480       0xb0
 *(.data .data.*)
 .data          0x00008480        0x4 drivers/vga.o
 .data          0x00008484        0x4 kernel/memory.o
 .data          0x00008488        0x4 kernel/process.o
 *fill*         0x0000848c       0x14 
 .data.rel.ro.local
                0x000084a0       0x90 kernel/syscall.o

.got            0x00008530        0x0
 .got           0x00008530        0x0 kernel/entry.o

.got.plt        0x00008530        0xc
 .got.plt       0x00008530        0xc kernel/entry.o
                0x00008530                _GLOBAL_OFFSET_TABLE_

.igot.plt       0x0000853c        0x0
 .igot.plt      0x0000853c        0x0 kernel/entry.o

.bss            0x00009000   0x34e2ac
 *(COMMON)
 *(.bss .bss.*)
 .bss           0x00009000     0x4000 kernel/entry.o
 .bss           0x0000d000        0x8 drivers/vga.o
 *fill*         0x0000d008       0x18 
 .bss           0x0000d020      0x128 drivers/keyboard.o
 *fill*         0x0000d148       0x18 
 .bss           0x0000d160   0x104608 fs/filesystem_enhanced.o
 .bss           0x00111768        0x4 kernel/context.o
 .bss           0x0011176c        0x4 kernel/device.o
 *fill*         0x00111770       0x10 
 .bss           0x00111780      0xc20 kernel/idt.o
                0x00111780                idt
                0x00111f80                idtp
 .bss           0x001123a0        0x4 kernel/log.o
 *fill*         0x001123a4      0xc5c 
 .bss           0x00113000   0x1020a4 kernel/memory.o
 *fill*         0x002150a4       0x1c 
 .bss           0x002150c0    0x10b28 kernel/monitor.o
 *fill*         0x00225be8       0x18 
 .bss           0x00225c00     0xbf2c kernel/network.o
 *fill*         0x00231b2c       0x14 
 .bss           0x00231b40    0x20b90 kernel/process.o
 *fill*         0x002526d0       0x10 
 .bss           0x002526e0   0x100004 kernel/program_loader.o
 *fill*         0x003526e4       0x1c 
 .bss           0x00352700     0x1804 kernel/security.o
 *fill*         0x00353f04       0x1c 
 .bss           0x00353f20     0x338c kernel/shell.o
                0x00353f20                shell_state
                0x003552a0                history
                0x003572ac                        _end = .

/DISCARD/
 *(.comment)
 *(.eh_frame)
 *(.note.gnu.build-id)
 *(.note.gnu.property)
LOAD kernel/entry.o
LOAD kernel/kmain.o
LOAD drivers/vga.o
LOAD drivers/keyboard.o
LOAD drivers/keyboard_intl.o
LOAD drivers/net_ne2k.o
LOAD drivers/serial.o
LOAD drivers/timer.o
LOAD fs/filesystem_enhanced.o
LOAD kernel/context.o
LOAD kernel/device.o
LOAD kernel/idt.o
LOAD kernel/interrupts.o
LOAD kernel/log.o
LOAD kernel/memory.o
LOAD kernel/monitor.o
LOAD kernel/net_core.o
LOAD kernel/network.o
LOAD kernel/pci.o
LOAD kernel/process.o
LOAD kernel/program_loader.o
LOAD kernel/security.o
LOAD kernel/shell.o
LOAD kernel/string.o
LOAD kernel/syscall.o
LOAD kernel/usermode.o
OUTPUT(kernel.elf elf32-i386)

.debug_info     0x00000000     0x6dad
 .debug_info    0x00000000      0x21a kernel/kmain.o
 .debug_info    0x0000021a      0x3b3 drivers/vga.o
 .debug_info    0x000005cd      0x52e drivers/keyboard.o
 .debug_info    0x00000afb      0x465 drivers/serial.o
 .debug_info    0x00000f60      0x6a9 fs/filesystem_enhanced.o
 .debug_info    0x00001609      0x2fa kernel/context.o
 .debug_info    0x00001903      0x4ca kernel/device.o
 .debug_info    0x00001dcd      0x479 kernel/idt.o
 .debug_info    0x00002246      0x5ad kernel/log.o
 .debug_info    0x000027f3      0x51b kernel/memory.o
 .debug_info    0x00002d0e      0x789 kernel/monitor.o
 .debug_info    0x00003497      0x30a kernel/network.o
 .debug_info    0x000037a1      0x5f1 kernel/process.o
 .debug_info    0x00003d92      0x6cb kernel/program_loader.o
 .debug_info    0x0000445d      0x59f kernel/security.o
 .debug_info    0x000049fc      0x44b kernel/shell.o
 .debug_info    0x00004e47      0x531 kernel/string.o
 .debug_info    0x00005378     0x1a35 kernel/syscall.o

.debug_abbrev   0x00000000     0x1ee1
 .debug_abbrev  0x00000000      0x128 kernel/kmain.o
 .debug_abbrev  0x00000128      0x162 drivers/vga.o
 .debug_abbrev  0x0000028a      0x208 drivers/keyboard.o
 .debug_abbrev  0x00000492      0x15b drivers/serial.o
 .debug_abbrev  0x000005ed      0x1b9 fs/filesystem_enhanced.o
 .debug_abbrev  0x000007a6      0x16e kernel/context.o
 .debug_abbrev  0x00000914      0x1a0 kernel/device.o
 .debug_abbrev  0x00000ab4      0x1c6 kernel/idt.o
 .debug_abbrev  0x00000c7a      0x1be kernel/log.o
 .debug_abbrev  0x00000e38      0x1cc kernel/memory.o
 .debug_abbrev  0x00001004      0x1a4 kernel/monitor.o
 .debug_abbrev  0x000011a8      0x183 kernel/network.o
 .debug_abbrev  0x0000132b      0x23b kernel/process.o
 .debug_abbrev  0x00001566      0x1c5 kernel/program_loader.o
 .debug_abbrev  0x0000172b      0x16b kernel/security.o
 .debug_abbrev  0x00001896      0x220 kernel/shell.o
 .debug_abbrev  0x00001ab6      0x12a kernel/string.o
 .debug_abbrev  0x00001be0      0x301 kernel/syscall.o

.debug_aranges  0x00000000      0x240
 .debug_aranges
                0x00000000       0x20 kernel/kmain.o
 .debug_aranges
                0x00000020       0x20 drivers/vga.o
 .debug_aranges
                0x00000040       0x20 drivers/keyboard.o
 .debug_aranges
                0x00000060       0x20 drivers/serial.o
 .debug_aranges
                0x00000080       0x20 fs/filesystem_enhanced.o
 .debug_aranges
                0x000000a0       0x20 kernel/context.o
 .debug_aranges
                0x000000c0       0x20 kernel/device.o
 .debug_aranges
                0x000000e0       0x20 kernel/idt.o
 .debug_aranges
                0x00000100       0x20 kernel/log.o
 .debug_aranges
                0x00000120       0x20 kernel/memory.o
 .debug_aranges
                0x00000140       0x20 kernel/monitor.o
 .debug_aranges
                0x00000160       0x20 kernel/network.o
 .debug_aranges
                0x00000180       0x20 kernel/process.o
 .debug_aranges
                0x000001a0       0x20 kernel/program_loader.o
 .debug_aranges
                0x000001c0       0x20 kernel/security.o
 .debug_aranges
                0x000001e0       0x20 kernel/shell.o
 .debug_aranges
                0x00000200       0x20 kernel/string.o
 .debug_aranges
                0x00000220       0x20 kernel/syscall.o

.debug_macro    0x00000000     0x192d
 .debug_macro   0x00000000       0xfb kernel/kmain.o
 .debug_macro   0x000000fb      0x97c kernel/kmain.o
 .debug_macro   0x00000a77       0x28 kernel/kmain.o
 .debug_macro   0x00000a9f       0x10 kernel/kmain.o
 .debug_macro   0x00000aaf       0x16 kernel/kmain.o
 .debug_macro   0x00000ac5       0x10 kernel/kmain.o
 .debug_macro   0x00000ad5       0x22 kernel/kmain.o
 .debug_macro   0x00000af7       0x16 kernel/kmain.o
 .debug_macro   0x00000b0d       0x16 kernel/kmain.o
 .debug_macro   0x00000b23       0x22 kernel/kmain.o
 .debug_macro   0x00000b45       0x76 kernel/kmain.o
 .debug_macro   0x00000bbb       0xe8 kernel/kmain.o
 .debug_macro   0x00000ca3       0x1c kernel/kmain.o
 .debug_macro   0x00000cbf       0x40 kernel/kmain.o
 .debug_macro   0x00000cff       0x10 kernel/kmain.o
 .debug_macro   0x00000d0f       0x16 kernel/kmain.o
 .debug_macro   0x00000d25       0x64 kernel/kmain.o
 .debug_macro   0x00000d89       0x5e kernel/kmain.o
 .debug_macro   0x00000de7       0x4b drivers/vga.o
 .debug_macro   0x00000e32       0x8e drivers/keyboard.o
 .debug_macro   0x00000ec0       0x10 drivers/keyboard.o
 .debug_macro   0x00000ed0       0x9c drivers/serial.o
 .debug_macro   0x00000f6c       0x1c drivers/serial.o
 .debug_macro   0x00000f88       0x4f fs/filesystem_enhanced.o
 .debug_macro   0x00000fd7       0x70 fs/filesystem_enhanced.o
 .debug_macro   0x00001047       0x53 kernel/context.o
 .debug_macro   0x0000109a       0x1c kernel/context.o
 .debug_macro   0x000010b6       0x61 kernel/device.o
 .debug_macro   0x00001117       0x22 kernel/device.o
 .debug_macro   0x00001139       0x62 kernel/idt.o
 .debug_macro   0x0000119b       0x5d kernel/log.o
 .debug_macro   0x000011f8       0x5b kernel/memory.o
 .debug_macro   0x00001253       0x5e kernel/memory.o
 .debug_macro   0x000012b1       0x6d kernel/monitor.o
 .debug_macro   0x0000131e       0x4c kernel/monitor.o
 .debug_macro   0x0000136a       0x58 kernel/network.o
 .debug_macro   0x000013c2       0x2e kernel/network.o
 .debug_macro   0x000013f0       0x69 kernel/process.o
 .debug_macro   0x00001459       0x9d kernel/program_loader.o
 .debug_macro   0x000014f6       0x3a kernel/program_loader.o
 .debug_macro   0x00001530       0x1c kernel/program_loader.o
 .debug_macro   0x0000154c       0x58 kernel/security.o
 .debug_macro   0x000015a4       0x34 kernel/security.o
 .debug_macro   0x000015d8       0x61 kernel/shell.o
 .debug_macro   0x00001639       0x4c kernel/shell.o
 .debug_macro   0x00001685       0x2c kernel/string.o
 .debug_macro   0x000016b1       0xb2 kernel/syscall.o
 .debug_macro   0x00001763       0xe2 kernel/syscall.o
 .debug_macro   0x00001845       0x34 kernel/syscall.o
 .debug_macro   0x00001879       0x28 kernel/syscall.o
 .debug_macro   0x000018a1       0x3a kernel/syscall.o
 .debug_macro   0x000018db       0x52 kernel/syscall.o

.debug_line     0x00000000     0x2e8c
 .debug_line    0x00000000      0x16b kernel/kmain.o
 .debug_line    0x0000016b      0x201 drivers/vga.o
 .debug_line    0x0000036c      0x2b2 drivers/keyboard.o
 .debug_line    0x0000061e      0x20f drivers/serial.o
 .debug_line    0x0000082d      0x352 fs/filesystem_enhanced.o
 .debug_line    0x00000b7f       0xc5 kernel/context.o
 .debug_line    0x00000c44      0x27b kernel/device.o
 .debug_line    0x00000ebf      0x170 kernel/idt.o
 .debug_line    0x0000102f      0x381 kernel/log.o
 .debug_line    0x000013b0      0x27f kernel/memory.o
 .debug_line    0x0000162f      0x3c6 kernel/monitor.o
 .debug_line    0x000019f5      0x147 kernel/network.o
 .debug_line    0x00001b3c      0x2f2 kernel/process.o
 .debug_line    0x00001e2e      0x310 kernel/program_loader.o
 .debug_line    0x0000213e      0x3fc kernel/security.o
 .debug_line    0x0000253a      0x1c9 kernel/shell.o
 .debug_line    0x00002703      0x2e5 kernel/string.o
 .debug_line    0x000029e8      0x4a4 kernel/syscall.o

.debug_str      0x00000000     0x5ab0
 .debug_str     0x00000000     0x5ab0 kernel/kmain.o
                               0x3c2f (size before relaxing)
 .debug_str     0x00005ab0        0x0 drivers/vga.o
                               0x3292 (size before relaxing)
 .debug_str     0x00005ab0        0x0 drivers/keyboard.o
                               0x362a (size before relaxing)
 .debug_str     0x00005ab0        0x0 drivers/serial.o
                               0x3610 (size before relaxing)
 .debug_str     0x00005ab0        0x0 fs/filesystem_enhanced.o
                               0x3371 (size before relaxing)
 .debug_str     0x00005ab0        0x0 kernel/context.o
                               0x31eb (size before relaxing)
 .debug_str     0x00005ab0        0x0 kernel/device.o
                               0x3570 (size before relaxing)
 .debug_str     0x00005ab0        0x0 kernel/idt.o
                               0x3223 (size before relaxing)
 .debug_str     0x00005ab0        0x0 kernel/log.o
                               0x3508 (size before relaxing)
 .debug_str     0x00005ab0        0x0 kernel/memory.o
                               0x339c (size before relaxing)
 .debug_str     0x00005ab0        0x0 kernel/monitor.o
                               0x3867 (size before relaxing)
 .debug_str     0x00005ab0        0x0 kernel/network.o
                               0x3453 (size before relaxing)
 .debug_str     0x00005ab0        0x0 kernel/process.o
                               0x33c4 (size before relaxing)
 .debug_str     0x00005ab0        0x0 kernel/program_loader.o
                               0x3a1e (size before relaxing)
 .debug_str     0x00005ab0        0x0 kernel/security.o
                               0x3531 (size before relaxing)
 .debug_str     0x00005ab0        0x0 kernel/shell.o
                               0x34f8 (size before relaxing)
 .debug_str     0x00005ab0        0x0 kernel/string.o
                               0x3115 (size before relaxing)
 .debug_str     0x00005ab0        0x0 kernel/syscall.o
                               0x40e5 (size before relaxing)

.debug_line_str
                0x00000000      0x327
 .debug_line_str
                0x00000000      0x327 kernel/kmain.o
                                0x1f7 (size before relaxing)
 .debug_line_str
                0x00000327        0x0 drivers/vga.o
                                 0xc6 (size before relaxing)
 .debug_line_str
                0x00000327        0x0 drivers/keyboard.o
                                0x125 (size before relaxing)
 .debug_line_str
                0x00000327        0x0 drivers/serial.o
                                0x104 (size before relaxing)
 .debug_line_str
                0x00000327        0x0 fs/filesystem_enhanced.o
                                 0xf9 (size before relaxing)
 .debug_line_str
                0x00000327        0x0 kernel/context.o
                                 0xe8 (size before relaxing)
 .debug_line_str
                0x00000327        0x0 kernel/device.o
                                 0xed (size before relaxing)
 .debug_line_str
                0x00000327        0x0 kernel/idt.o
                                 0xcd (size before relaxing)
 .debug_line_str
                0x00000327        0x0 kernel/log.o
                                 0xe9 (size before relaxing)
 .debug_line_str
                0x00000327        0x0 kernel/memory.o
                                 0xda (size before relaxing)
 .debug_line_str
                0x00000327        0x0 kernel/monitor.o
                                 0xf1 (size before relaxing)
 .debug_line_str
                0x00000327        0x0 kernel/network.o
                                 0xe8 (size before relaxing)
 .debug_line_str
                0x00000327        0x0 kernel/process.o
                                 0xee (size before relaxing)
 .debug_line_str
                0x00000327        0x0 kernel/program_loader.o
                                0x175 (size before relaxing)
 .debug_line_str
                0x00000327        0x0 kernel/security.o
                                 0xec (size before relaxing)
 .debug_line_str
                0x00000327        0x0 kernel/shell.o
                                 0xf6 (size before relaxing)
 .debug_line_str
                0x00000327        0x0 kernel/string.o
                                 0xb0 (size before relaxing)
 .debug_line_str
                0x00000327        0x0 kernel/syscall.o
                                0x13a (size before relaxing)

.note.GNU-stack
                0x00000000        0x0
 .note.GNU-stack
                0x00000000        0x0 kernel/kmain.o
 .note.GNU-stack
                0x00000000        0x0 drivers/vga.o
 .note.GNU-stack
                0x00000000        0x0 drivers/keyboard.o
 .note.GNU-stack
                0x00000000        0x0 drivers/serial.o
 .note.GNU-stack
                0x00000000        0x0 fs/filesystem_enhanced.o
 .note.GNU-stack
                0x00000000        0x0 kernel/context.o
 .note.GNU-stack
                0x00000000        0x0 kernel/device.o
 .note.GNU-stack
                0x00000000        0x0 kernel/idt.o
 .note.GNU-stack
                0x00000000        0x0 kernel/log.o
 .note.GNU-stack
                0x00000000        0x0 kernel/memory.o
 .note.GNU-stack
                0x00000000        0x0 kernel/monitor.o
 .note.GNU-stack
                0x00000000        0x0 kernel/network.o
 .note.GNU-stack
                0x00000000        0x0 kernel/process.o
 .note.GNU-stack
                0x00000000        0x0 kernel/program_loader.o
 .note.GNU-stack
                0x00000000        0x0 kernel/security.o
 .note.GNU-stack
                0x00000000        0x0 kernel/shell.o
 .note.GNU-stack
                0x00000000        0x0 kernel/string.o
 .note.GNU-stack
                0x00000000        0x0 kernel/syscall.o

.debug_rnglists
                0x00000000       0x2e
 .debug_rnglists
                0x00000000       0x17 drivers/serial.o
 .debug_rnglists
                0x00000017       0x17 kernel/process.o
